host@127.0.0.1
host@127.0.0.1
host@127.0.0.1
host@192.168.26.106
host@192.168.26.104
host@192.168.26.105
HELIOS2009: Savior mode on
HELIOS2009: Savior mode on
HELIOS2009: init ok.  unum: 1 side: r
***ERROR*** RCSSParamParser. unknown parameter name or invalid value. name=[host] value=[192.168.26.105]
HELIOS2009: init ok.  unum: 1 side: r
***ERROR*** RCSSParamParser. unknown parameter name or invalid value. name=[host] value=[192.168.26.104]
HELIOS2009 1:  KickTable created.
HELIOS2009 1: [-1, 0] set synch see mode.
HELIOS2009 1:  KickTable created.
HELIOS2009 1: [-1, 0] set synch see mode.
HELIOS2009: Savior mode on
HELIOS2009: init ok.  unum: 1 side: r
***ERROR*** RCSSParamParser. unknown parameter name or invalid value. name=[host] value=[192.168.26.106]
HELIOS2009 1:  KickTable created.
HELIOS2009 1: [-1, 0] set synch see mode.
HELIOS2009: init ok.  unum: 2 side: r
***ERROR*** RCSSParamParser. unknown parameter name or invalid value. name=[host] value=[192.168.26.105]
HELIOS2009: init ok.  unum: 3 side: r
***ERROR*** RCSSParamParser. unknown parameter name or invalid value. name=[host] value=[192.168.26.105]
HELIOS2009: init ok.  unum: 5 side: r
***ERROR*** RCSSParamParser. unknown parameter name or invalid value. name=[host] value=[192.168.26.105]
HELIOS2009: init ok.  unum: 4 side: r
***ERROR*** RCSSParamParser. unknown parameter name or invalid value. name=[host] value=[192.168.26.105]
HELIOS2009 2:  KickTable created.
HELIOS2009 2: [0, 1] set synch see mode.
HELIOS2009 3:  KickTable created.
HELIOS2009 3: [0, 1] set synch see mode.
HELIOS2009 5:  KickTable created.
HELIOS2009 5: [-1, 0] set synch see mode.
HELIOS2009 4:  KickTable created.
HELIOS2009 4: [-1, 0] set synch see mode.
HELIOS2009: init ok.  unum: 2 side: r
***ERROR*** RCSSParamParser. unknown parameter name or invalid value. name=[host] value=[192.168.26.104]
HELIOS2009: init ok.  unum: 6 side: r
***ERROR*** RCSSParamParser. unknown parameter name or invalid value. name=[host] value=[192.168.26.105]
HELIOS2009: init ok.  unum: 3 side: r
***ERROR*** RCSSParamParser. unknown parameter name or invalid value. name=[host] value=[192.168.26.104]
HELIOS2009: init ok.  unum: 4 side: r
***ERROR*** RCSSParamParser. unknown parameter name or invalid value. name=[host] value=[192.168.26.104]
HELIOS2009 6:  KickTable created.
HELIOS2009 6: [-1, 0] set synch see mode.
HELIOS2009 2:  KickTable created.
HELIOS2009 2: [-1, 0] set synch see mode.
HELIOS2009: init ok.  unum: 5 side: r
***ERROR*** RCSSParamParser. unknown parameter name or invalid value. name=[host] value=[192.168.26.104]
HELIOS2009: init ok.  unum: 7 side: r
***ERROR*** RCSSParamParser. unknown parameter name or invalid value. name=[host] value=[192.168.26.105]
HELIOS2009 3:  KickTable created.
HELIOS2009 3: [-1, 0] set synch see mode.
HELIOS2009 4:  KickTable created.
HELIOS2009 4: [-1, 0] set synch see mode.
HELIOS2009: init ok.  unum: 2 side: r
***ERROR*** RCSSParamParser. unknown parameter name or invalid value. name=[host] value=[192.168.26.106]
HELIOS2009: init ok.  unum: 6 side: r
***ERROR*** RCSSParamParser. unknown parameter name or invalid value. name=[host] value=[192.168.26.104]
HELIOS2009 5:  KickTable created.
HELIOS2009 5: [-1, 0] set synch see mode.
HELIOS2009 7:  KickTable created.
HELIOS2009 7: [-1, 0] set synch see mode.
HELIOS2009: init ok.  unum: 8 side: r
***ERROR*** RCSSParamParser. unknown parameter name or invalid value. name=[host] value=[192.168.26.105]
HELIOS2009: init ok.  unum: 9 side: r
***ERROR*** RCSSParamParser. unknown parameter name or invalid value. name=[host] value=[192.168.26.105]
HELIOS2009 6:  KickTable created.
HELIOS2009 6: [-1, 0] set synch see mode.
HELIOS2009: init ok.  unum: 3 side: r
HELIOS2009 2:  KickTable created.
***ERROR*** RCSSParamParser. unknown parameter name or invalid value. name=[host] value=[192.168.26.106]
HELIOS2009 2: [-1, 0] set synch see mode.
HELIOS2009 8:  KickTable created.
HELIOS2009 8: [-1, 0] set synch see mode.
HELIOS2009 9:  KickTable created.
HELIOS2009 9: [-1, 0] set synch see mode.
HELIOS2009 3:  KickTable created.
HELIOS2009 3: [0, 1] set synch see mode.
HELIOS2009: init ok.  unum: 4 side: r
***ERROR*** RCSSParamParser. unknown parameter name or invalid value. name=[host] value=[192.168.26.106]
HELIOS2009: init ok.  unum: 10 side: r
***ERROR*** RCSSParamParser. unknown parameter name or invalid value. name=[host] value=[192.168.26.105]
HELIOS2009: init ok.  unum: 9 side: r
***ERROR*** RCSSParamParser. unknown parameter name or invalid value. name=[host] value=[192.168.26.104]
HELIOS2009: init ok.  unum: 7 side: r
***ERROR*** RCSSParamParser. unknown parameter name or invalid value. name=[host] value=[192.168.26.104]
HELIOS2009: init ok.  unum: 8 side: r
***ERROR*** RCSSParamParser. unknown parameter name or invalid value. name=[host] value=[192.168.26.104]
HELIOS2009 4:  KickTable created.
HELIOS2009 4: [-1, 0] set synch see mode.
HELIOS2009: init ok.  unum: 10 side: r
***ERROR*** RCSSParamParser. unknown parameter name or invalid value. name=[host] value=[192.168.26.104]
HELIOS2009: init ok.  unum: 5 side: r
***ERROR*** RCSSParamParser. unknown parameter name or invalid value. name=[host] value=[192.168.26.106]
HELIOS2009 9:  KickTable created.
HELIOS2009 9: [-1, 0] set synch see mode.
HELIOS2009 10:  KickTable created.
HELIOS2009 10: [-1, 0] set synch see mode.
HELIOS2009: init ok.  unum: 11 side: r
***ERROR*** RCSSParamParser. unknown parameter name or invalid value. name=[host] value=[192.168.26.104]
HELIOS2009 7:  KickTable created.
HELIOS2009 7: [-1, 0] set synch see mode.
HELIOS2009 8:  KickTable created.
HELIOS2009 8: [-1, 0] set synch see mode.
HELIOS2009 5:  KickTable created.
HELIOS2009 5: [-1, 0] set synch see mode.
HELIOS2009 10:  KickTable created.
HELIOS2009 10: [-1, 0] set synch see mode.
***ERROR*** RCSSParamParser. unknown parameter name or invalid value. name=[host] value=[192.168.26.104]
HELIOS2009: init ok.  unum: 11 side: r
***ERROR*** RCSSParamParser. unknown parameter name or invalid value. name=[host] value=[192.168.26.105]
HELIOS2009: init ok.  unum: 6 side: r
***ERROR*** RCSSParamParser. unknown parameter name or invalid value. name=[host] value=[192.168.26.106]
HELIOS2009 11:  KickTable created.
HELIOS2009 11: [-1, 0] set synch see mode.
HELIOS2009 6:  KickTable created.
HELIOS2009 6: [-1, 0] set synch see mode.
HELIOS2009 11:  KickTable created.
HELIOS2009 11: [-1, 0] set synch see mode.
HELIOS2009: init ok.  unum: 7 side: r
***ERROR*** RCSSParamParser. unknown parameter name or invalid value. name=[host] value=[192.168.26.106]
HELIOS2009: init ok.  unum: 8 side: r
***ERROR*** RCSSParamParser. unknown parameter name or invalid value. name=[host] value=[192.168.26.106]
HELIOS2009: init ok.  unum: 9 side: r
***ERROR*** RCSSParamParser. unknown parameter name or invalid value. name=[host] value=[192.168.26.106]
HELIOS2009 7:  KickTable created.
HELIOS2009 7: [-1, 0] set synch see mode.
HELIOS2009 8:  KickTable created.
HELIOS2009 8: [-1, 0] set synch see mode.
***ERROR*** RCSSParamParser. unknown parameter name or invalid value. name=[host] value=[192.168.26.105]
HELIOS2009 9:  KickTable created.
HELIOS2009 9: [-1, 0] set synch see mode.
HELIOS2009: init ok.  unum: 10 side: r
***ERROR*** RCSSParamParser. unknown parameter name or invalid value. name=[host] value=[192.168.26.106]
***ERROR*** RCSSParamParser. unknown parameter name or invalid value. name=[host] value=[192.168.26.106]
HELIOS2009: init ok.  unum: 11 side: r
***ERROR*** RCSSParamParser. unknown parameter name or invalid value. name=[host] value=[192.168.26.106]
HELIOS2009 10:  KickTable created.
HELIOS2009 10: [-1, 0] set synch see mode.
HELIOS2009 11:  KickTable created.
HELIOS2009 11: [-1, 0] set synch see mode.
id speed step inc  power  stam  karea
 0 1.000   6  45.0 100.0  55.0  1.085
 1 0.964   6  44.4 100.0  55.6  1.009
 2 1.020   5  41.9 100.0  58.1  1.132
 3 0.844   4  41.4 100.0  58.6  1.030
 4 0.888   7  51.5 100.0  48.5  1.110
 5 0.839   7  49.8 100.0  50.2  1.034
 6 0.822   5  46.5 100.0  53.5  1.046
 7 1.019   6  41.5 100.0  58.5  1.030
 8 0.933   4  41.5 100.0  58.5  1.136
 9 1.025   5  42.1 100.0  57.9  1.140
 10 0.829   7  49.4 100.0  50.6  1.055
 11 0.881   5  44.6 100.0  55.4  1.026
 12 0.803   4  47.6 100.0  52.4  1.105
 13 0.845   5  44.5 100.0  55.5  1.140
 14 0.951   5  41.3 100.0  58.7  1.043
 15 0.805   6  49.7 100.0  50.3  1.004
 16 0.850   6  49.8 100.0  50.2  1.017
 17 1.004   7  48.5 100.0  51.5  1.130
id speed step inc  power  stam  karea
 0 1.000   6  45.0 100.0  55.0  1.085
 1 0.907   6  49.5 100.0  50.5  1.132
 2 0.953   7  47.6 100.0  52.4  1.001
 3 1.002   5  43.6 100.0  56.4  1.027
 4 0.960   6  45.3 100.0  54.7  1.145
 5 0.864   4  42.4 100.0  57.6  1.005
 6 0.934   4  42.0 100.0  58.0  1.129
 7 0.759   5  46.7 100.0  53.3  1.046
 8 1.018   6  41.9 100.0  58.1  1.011
 9 0.867   4  41.4 100.0  58.6  1.023
 10 0.773   4  43.9 100.0  56.1  1.010
 11 0.912   5  42.9 100.0  57.1  1.028
 12 0.906   6  41.9 100.0  58.1  1.080
 13 0.892   6  45.1 100.0  54.9  1.045
 14 0.809   5  45.6 100.0  54.4  1.011
 15 0.941   6  40.4 100.0  59.6  1.123
 16 0.942   6  42.4 100.0  57.6  1.125
 17 0.784   5  49.8 100.0  50.2  1.059
id speed step inc  power  stam  karea
 0 1.000   6  45.0 100.0  55.0  1.085
 1 0.862   6  50.2 100.0  49.8  1.012
 2 0.834   5  47.4 100.0  52.6  1.001
 3 0.794   5  49.6 100.0  50.4  1.146
 4 0.975   7  48.9 100.0  51.1  1.061
 5 0.839   6  51.3 100.0  48.7  1.096
 6 0.787   5  44.1 100.0  55.9  1.181
 7 0.814   6  51.9 100.0  48.1  1.040
 8 0.988   6  44.1 100.0  55.9  1.015
 9 0.791   5  49.5 100.0  50.5  1.003
 10 0.867   4  44.9 100.0  55.1  1.174
 11 0.799   4  43.5 100.0  56.5  1.079
 12 0.777   4  48.7 100.0  51.3  1.116
 13 0.978   6  41.6 100.0  58.4  1.119
 14 0.844   5  44.6 100.0  55.4  1.176
 15 0.949   7  46.3 100.0  53.7  1.160
 16 1.030   7  44.2 100.0  55.8  1.168
 17 0.916   5  40.5 100.0  59.5  1.035
HELIOS2009 2: [729, 0]  WARNING. no turn_neck.
HELIOS2009 3: [1857, 0]  WARNING. no turn_neck.
HELIOS2009 3: [2253, 0]  WARNING. no turn_neck.
formation_dt.cpp:385***ERROR*** No intersection!
 focus=(-50.8001, -32.9022) line_intersection=(1.79769e+308, 1.79769e+308)
 v0=(-35.51, -20.1) v1=(-54.5, -36) v2=(-54.44, -20.73)
formation_dt.cpp:385***ERROR*** No intersection!
 focus=(-50.8001, -32.9022) line_intersection=(1.79769e+308, 1.79769e+308)
 v0=(-35.51, -20.1) v1=(-54.5, -36) v2=(-54.44, -20.73)
formation_dt.cpp:385***ERROR*** No intersection!
 focus=(-50.8001, -32.9022) line_intersection=(1.79769e+308, 1.79769e+308)
 v0=(-35.51, -20.1) v1=(-54.5, -36) v2=(-54.44, -20.73)
formation_dt.cpp:385***ERROR*** No intersection!
 focus=(-50.8001, -32.9022) line_intersection=(1.79769e+308, 1.79769e+308)
 v0=(-35.51, -20.1) v1=(-54.5, -36) v2=(-54.44, -20.73)
formation_dt.cpp:385***ERROR*** No intersection!
 focus=(-50.8001, -32.9022) line_intersection=(1.79769e+308, 1.79769e+308)
 v0=(-35.51, -20.1) v1=(-54.5, -36) v2=(-54.44, -20.73)
formation_dt.cpp:385***ERROR*** No intersection!
 focus=(-50.8001, -32.9022) line_intersection=(1.79769e+308, 1.79769e+308)
 v0=(-35.51, -20.1) v1=(-54.5, -36) v2=(-54.44, -20.73)
formation_dt.cpp:385***ERROR*** No intersection!
 focus=(-50.8001, -32.9022) line_intersection=(1.79769e+308, 1.79769e+308)
 v0=(-35.51, -20.1) v1=(-54.5, -36) v2=(-54.44, -20.73)
formation_dt.cpp:385***ERROR*** No intersection!
 focus=(-50.8001, -32.9022) line_intersection=(1.79769e+308, 1.79769e+308)
 v0=(-35.51, -20.1) v1=(-54.5, -36) v2=(-54.44, -20.73)
formation_dt.cpp:385***ERROR*** No intersection!
 focus=(-50.8001, -32.9022) line_intersection=(1.79769e+308, 1.79769e+308)
 v0=(-35.51, -20.1) v1=(-54.5, -36) v2=(-54.44, -20.73)
formation_dt.cpp:385***ERROR*** No intersection!
 focus=(-50.8001, -32.9022) line_intersection=(1.79769e+308, 1.79769e+308)
 v0=(-35.51, -20.1) v1=(-54.5, -36) v2=(-54.44, -20.73)
formation_dt.cpp:385***ERROR*** No intersection!
 focus=(-50.8001, -32.9022) line_intersection=(1.79769e+308, 1.79769e+308)
 v0=(-35.51, -20.1) v1=(-54.5, -36) v2=(-54.44, -20.73)
formation_dt.cpp:385***ERROR*** No intersection!
 focus=(-50.8001, -32.9022) line_intersection=(1.79769e+308, 1.79769e+308)
 v0=(-35.51, -20.1) v1=(-54.5, -36) v2=(-54.44, -20.73)
formation_dt.cpp:385***ERROR*** No intersection!
 focus=(-50.8001, -32.9022) line_intersection=(1.79769e+308, 1.79769e+308)
 v0=(-35.51, -20.1) v1=(-54.5, -36) v2=(-54.44, -20.73)
formation_dt.cpp:385***ERROR*** No intersection!
 focus=(-50.8001, -32.9022) line_intersection=(1.79769e+308, 1.79769e+308)
 v0=(-35.51, -20.1) v1=(-54.5, -36) v2=(-54.44, -20.73)
formation_dt.cpp:385***ERROR*** No intersection!
 focus=(-50.8001, -32.9022) line_intersection=(1.79769e+308, 1.79769e+308)
 v0=(-35.51, -20.1) v1=(-54.5, -36) v2=(-54.44, -20.73)
formation_dt.cpp:385***ERROR*** No intersection!
 focus=(-50.8001, -32.9022) line_intersection=(1.79769e+308, 1.79769e+308)
 v0=(-35.51, -20.1) v1=(-54.5, -36) v2=(-54.44, -20.73)
formation_dt.cpp:385***ERROR*** No intersection!
 focus=(-50.8001, -32.9022) line_intersection=(1.79769e+308, 1.79769e+308)
 v0=(-35.51, -20.1) v1=(-54.5, -36) v2=(-54.44, -20.73)
formation_dt.cpp:385***ERROR*** No intersection!
 focus=(-50.8001, -32.9022) line_intersection=(1.79769e+308, 1.79769e+308)
 v0=(-35.51, -20.1) v1=(-54.5, -36) v2=(-54.44, -20.73)
formation_dt.cpp:385***ERROR*** No intersection!
 focus=(-50.8001, -32.9022) line_intersection=(1.79769e+308, 1.79769e+308)
 v0=(-35.51, -20.1) v1=(-54.5, -36) v2=(-54.44, -20.73)
formation_dt.cpp:385***ERROR*** No intersection!
 focus=(-50.8001, -32.9022) line_intersection=(1.79769e+308, 1.79769e+308)
 v0=(-35.51, -20.1) v1=(-54.5, -36) v2=(-54.44, -20.73)
formation_dt.cpp:385***ERROR*** No intersection!
 focus=(-50.8001, -32.9022) line_intersection=(1.79769e+308, 1.79769e+308)
 v0=(-35.51, -20.1) v1=(-54.5, -36) v2=(-54.44, -20.73)
formation_dt.cpp:385***ERROR*** No intersection!
 focus=(-50.8001, -32.9022) line_intersection=(1.79769e+308, 1.79769e+308)
 v0=(-35.51, -20.1) v1=(-54.5, -36) v2=(-54.44, -20.73)
HELIOS2009 3: [2331, 0]  WARNING. no turn_neck.
coach: [3000, 0] add new freeform allowed
coach: [3000, 0] add new freeform allowed
coach: [3000, 0] add new freeform allowed
HELIOS2009 2: [3459, 0]  WARNING. no turn_neck.
host@127.0.0.1
host@192.168.26.105
HELIOS2009: Savior mode on
HELIOS2009: init ok.  unum: 1 side: r
***ERROR*** RCSSParamParser. unknown parameter name or invalid value. name=[host] value=[192.168.26.105]
HELIOS2009 1:  KickTable created.
HELIOS2009 1: [-1, 0] set synch see mode.
HELIOS2009: init ok.  unum: 2 side: r
***ERROR*** RCSSParamParser. unknown parameter name or invalid value. name=[host] value=[192.168.26.105]
HELIOS2009: init ok.  unum: 3 side: r
***ERROR*** RCSSParamParser. unknown parameter name or invalid value. name=[host] value=[192.168.26.105]
HELIOS2009: init ok.  unum: 4 side: r
***ERROR*** RCSSParamParser. unknown parameter name or invalid value. name=[host] value=[192.168.26.105]
HELIOS2009: init ok.  unum: 6 side: r
***ERROR*** RCSSParamParser. unknown parameter name or invalid value. name=[host] value=[192.168.26.105]
HELIOS2009: init ok.  unum: 5 side: r
***ERROR*** RCSSParamParser. unknown parameter name or invalid value. name=[host] value=[192.168.26.105]
HELIOS2009 3:  KickTable created.
HELIOS2009 3: [-1, 0] set synch see mode.
HELIOS2009 4:  KickTable created.
HELIOS2009 4: [-1, 0] set synch see mode.
HELIOS2009 6:  KickTable created.
HELIOS2009 6: [-1, 0] set synch see mode.
HELIOS2009 2:  KickTable created.
HELIOS2009 2: [-1, 0] set synch see mode.
HELIOS2009 5:  KickTable created.
HELIOS2009 5: [-1, 0] set synch see mode.
HELIOS2009: init ok.  unum: 7 side: r
***ERROR*** RCSSParamParser. unknown parameter name or invalid value. name=[host] value=[192.168.26.105]
HELIOS2009: init ok.  unum: 8 side: r
***ERROR*** RCSSParamParser. unknown parameter name or invalid value. name=[host] value=[192.168.26.105]
HELIOS2009: init ok.  unum: 9 side: r
***ERROR*** RCSSParamParser. unknown parameter name or invalid value. name=[host] value=[192.168.26.105]
HELIOS2009: init ok.  unum: 10 side: r
***ERROR*** RCSSParamParser. unknown parameter name or invalid value. name=[host] value=[192.168.26.105]
HELIOS2009 7:  KickTable created.
HELIOS2009 7: [-1, 0] set synch see mode.
HELIOS2009 8:  KickTable created.
HELIOS2009 8: [-1, 0] set synch see mode.
HELIOS2009 9:  KickTable created.
HELIOS2009 9: [-1, 0] set synch see mode.
HELIOS2009: init ok.  unum: 11 side: r
***ERROR*** RCSSParamParser. unknown parameter name or invalid value. name=[host] value=[192.168.26.105]
***ERROR*** RCSSParamParser. unknown parameter name or invalid value. name=[host] value=[192.168.26.105]
HELIOS2009 10:  KickTable created.
HELIOS2009 10: [0, 1] set synch see mode.
HELIOS2009 11:  KickTable created.
HELIOS2009 11: [-1, 0] set synch see mode.
host@127.0.0.1
host@192.168.26.104
HELIOS2009: Savior mode on
HELIOS2009: init ok.  unum: 1 side: r
***ERROR*** RCSSParamParser. unknown parameter name or invalid value. name=[host] value=[192.168.26.104]
HELIOS2009 1:  KickTable created.
HELIOS2009 1: [-1, 0] set synch see mode.
id speed step inc  power  stam  karea
 0 1.000   6  45.0 100.0  55.0  1.085
 1 0.824   6  47.2 100.0  52.8  1.149
 2 1.007   7  50.1 100.0  49.9  1.134
 3 0.826   5  47.2 100.0  52.8  1.022
 4 0.978   7  46.3 100.0  53.7  1.160
 5 0.988   5  41.4 100.0  58.6  1.095
 6 0.821   5  43.4 100.0  56.6  1.170
 7 0.821   6  46.3 100.0  53.7  1.151
 8 0.766   5  50.5 100.0  49.5  1.104
 9 0.955   6  45.7 100.0  54.3  1.142
 10 0.835   5  48.8 100.0  51.2  1.092
 11 0.752   4  44.3 100.0  55.7  1.028
 12 0.939   5  41.8 100.0  58.2  1.126
 13 0.822   5  47.3 100.0  52.7  1.089
 14 0.801   4  41.2 100.0  58.8  1.058
 15 0.962   6  46.6 100.0  53.4  1.169
 16 0.962   6  45.7 100.0  54.3  1.114
 17 0.876   5  45.7 100.0  54.3  0.995
HELIOS2009: init ok.  unum: 2 side: r
***ERROR*** RCSSParamParser. unknown parameter name or invalid value. name=[host] value=[192.168.26.104]
HELIOS2009: init ok.  unum: 3 side: r
***ERROR*** RCSSParamParser. unknown parameter name or invalid value. name=[host] value=[192.168.26.104]
HELIOS2009: init ok.  unum: 4 side: r
***ERROR**: init ok.  unum:  unknown parameter name or invalid value. name=[host] value=[1 side: r
***ERROR*** RCSSParamParser. unknown parameter name or invalid value. name=[host] value=[192.168.26.104]
HELIOS2009 2:  KickTable created.
HELIOS2009 2: [-1, 0] set synch see mode.
HELIOS2009 3:  KickTable created.
HELIOS2009 3: [-1, 0] set synch see mode.
HELIOS2009 4:  KickTable created.
HELIOS2009 5:  KickTable created.
HELIOS2009 4: [-1, 0] set synch see mode.
HELIOS2009 5: [-1, 0] set synch see mode.
HELIOS2009: init ok.  unum: 6 side: r
***ERROR*** RCSSParamParser. unknown parameter name or invalid value. name=[host] value=[192.168.26.104]
HELIOS2009: init ok.  unum: 7 side: r
***ERROR*** RCSSParamParser. unknown parameter name or invalid value. name=[host] value=[192.168.26.104]
HELIOS2009: init ok.  unum: 9 side: r
***ERROR*** RCSSParamParser. unknown parameter name or invalid value. name=[host] value=[192.168.26.104]
HELIOS2009: init ok.  unum: 8 side: r
***ERROR*** RCSSParamParser. unknown parameter name or invalid value. name=[host] value=[192.168.26.104]
HELIOS2009 7:  KickTable created.
HELIOS2009 7: [-1, 0] set synch see mode.
HELIOS2009 6:  KickTable created.
HELIOS2009 6: [-1, 0] set synch see mode.
HELIOS2009 8:  KickTable created.
HELIOS2009 8: [0, 1] set synch see mode.
HELIOS2009 9:  KickTable created.
HELIOS2009HELIOS2009: init ok.  unum: 10 side: r
***ERROR*** RCSSParamParser. unknown parameter name or invalid value. name=[host] value=[192.168.26.104]
***ERROR*** RCSSParamParser. unknown parameter name or invalid value. name=[host] value=[192.168.26.104]
HELIOS2009: init ok.  unum: 11 side: r
***ERROR*** RCSSParamParser. unknown parameter name or invalid value. name=[host] value=[192.168.26.104]
HELIOS2009 10:  KickTable created.
HELIOS2009 10: [-1, 0] set synch see mode.
HELIOS2009 11:  KickTable created.
HELIOS2009 11: [-1, 0] set synch see mode.
id speed step inc  power  stam  karea
 0 1.000   6  45.0 100.0  55.0  1.085
 1 0.964   6  43.1 100.0  56.9  1.092
 2 1.048   6  43.3 100.0  56.7  1.111
 3 0.781   5  45.4 100.0  54.6  1.094
 4 0.935   6  42.6 100.0  57.4  1.031
 5 0.839   6  49.6 100.0  50.4  0.993
 6 1.000   7  47.2 100.0  52.8  0.989
 7 0.866   6  48.4 100.0  51.6  1.017
 8 0.793   5  45.3 100.0  54.7  1.041
 9 0.770   5  49.8 100.0  50.2  1.158
 10 0.815   6  51.0 100.0  49.0  1.151
 11 0.912   5  43.4 100.0  56.6  1.062
 12 0.910   6  45.5 100.0  54.5  1.054
 13 0.972   7  44.6 100.0  55.4  1.086
 14 0.935   6  46.8 100.0  53.2  1.033
 15 0.944   5  41.1 100.0  58.9  1.034
 16 0.772   5  49.2 100.0  50.8  1.000
 17 0.781   6  49.3 100.0  50.7  1.077
host@127.0.0.1
host@192.168.26.106
HELIOS2009: Savior mode on
HELIOS2009: init ok.  unum: 1 side: r
***ERROR*** RCSSParamParser. unknown parameter name or invalid value. name=[host] value=[192.168.26.106]
HELIOS2009 1:  KickTable created.
HELIOS2009 1: [-1, 0] set synch see mode.
HELIOS2009: init ok.  unum: 2 side: r
***ERROR*** RCSSParamParser. unknown parameter name or invalid value. name=[host] value=[192.168.26.106]
HELIOS2009 2:  KickTable created.
HELIOS2009 2: [-1, 0] set synch see mode.
HELIOS2009: init ok.  unum: 3 side: r
***ERROR*** RCSSParamParser. unknown parameter name or invalid value. name=[host] value=[192.168.26.106]
HELIOS2009: init ok.  unum: 6 side: r
***ERROR*** RCSSParamParser. unknown parameter name or invalid value. name=[host] value=[192.168.26.106]
HELIOS2009: init ok.  unum: 4 side: r
***ERROR*** RCSSParamParser. unknown parameter name or invalid value. name=[host] value=[192.168.26.106]
HELIOS2009: init ok.  unum: 5 side: r
***ERROR*** RCSSParamParser. unknown parameter name or invalid value. name=[host] value=[192.168.26.106]
HELIOS2009 3:  KickTable created.
HELIOS2009 3: [-1, 0] set synch see mode.
HELIOS2009: init ok.  unum: 7 side: r
***ERROR*** RCSSParamParser. unknown parameter name or invalid value. name=[host] value=[192.168.26.106]
HELIOS2009: init ok.  unum: 8 side: r
***ERROR*** RCSSParamParser. unknown parameter name or invalid value. name=[host] value=[192.168.26.106]
HELIOS2009 6:  KickTable created.
HELIOS2009 6: [0, 1] set synch see mode.
HELIOS2009 4:  KickTable created.
HELIOS2009 4: [0, 1] set synch see mode.
HELIOS2009 8:  KickTable created.
HELIOS2009 8: [-1, 0] set synch see mode.
HELIOS2009 7:  KickTable created.
HELIOS2009 7: [-1, 0] set synch see mode.
HELIOS2009 5:  KickTable created.
HELIOS2009 5: [0, 1] set synch see mode.
HELIOS2009: init ok.  unum: 9 side: r
***ERROR*** RCSSParamParser. unknown parameter name or invalid value. name=[host] value=[192.168.26.106]
HELIOS2009 9:  KickTable created.
HELIOS2009 9: [-1, 0] set synch see mode.
HELIOS2009: init ok.  unum: 10 side: r
***ERROR*** RCSSParamParser. unknown parameter name or invalid value. name=[host] value=[192.168.26.106]
***ERROR*** RCSSParamParser. unknown parameter name or invalid value. name=[host] value=[192.168.26.106]
HELIOS2009: init ok.  unum: 11 side: r
***ERROR*** RCSSParamParser. unknown parameter name or invalid value. name=[host] value=[192.168.26.106]
HELIOS2009 10:  KickTable created.
HELIOS2009 10: [-1, 0] set synch see mode.
HELIOS2009 11:  KickTable created.
HELIOS2009 11: [-1, 0] set synch see mode.
id speed step inc  power  stam  karea
 0 1.000   6  45.0 100.0  55.0  1.085
 1 0.825   4  42.7 100.0  57.3  0.998
 2 0.756   6  52.2 100.0  47.8  1.099
 3 0.882   6  44.6 100.0  55.4  1.088
 4 1.043   6  44.6 100.0  55.4  0.998
 5 0.751   5  49.7 100.0  50.3  1.002
 6 0.934   6  45.3 100.0  54.7  1.050
 7 0.918   7  51.5 100.0  48.5  1.169
 8 0.971   7  50.4 100.0  49.6  1.016
 9 0.755   5  46.8 100.0  53.2  1.107
 10 0.912   5  46.3 100.0  53.7  1.157
 11 0.845   5  45.3 100.0  54.7  1.140
 12 0.972   5  41.0 100.0  59.0  1.075
 13 1.029   6  43.1 100.0  56.9  1.166
 14 0.826   5  45.4 100.0  54.6  1.047
 15 0.781   5  47.7 100.0  52.3  1.141
 16 1.012   5  40.4 100.0  59.6  1.146
 17 0.930   6  42.9 100.0  57.1  1.169
HELIOS2009 3: [684, 0]  WARNING. no turn_neck.
HELIOS2009 3: [1495, 0]  WARNING. no turn_neck.
HELIOS2009 2: [1570, 0]  WARNING. no turn_neck.
HELIOS2009 3: [1997, 0]  WARNING. no turn_neck.
coach: [3000, 0] add new freeform allowed
coach: [3000, 0] add new freeform allowed
coach: [3000, 0] add new freeform allowed
HELIOS2009 3: [4391, 0]  WARNING. no turn_neck.
HELIOS2009 2: [4372, 0]  WARNING. no turn_neck.
voronoi_diagram.cpp:285:Unexpected reach.
voronoi_diagram.cpp:285:Unexpected reach.
voronoi_diagram.cpp:285:Unexpected reach.
voronoi_diagram.cpp:285:Unexpected reach.
host@127.0.0.1
host@192.168.26.105
HELIOS2009: Savior mode on
HELIOS2009: init ok.  unum: 1 side: r
***ERROR*** RCSSParamParser. unknown parameter name or invalid value. name=[host] value=[192.168.26.105]
HELIOS2009 1:  KickTable created.
HELIOS2009 1: [-1, 0] set synch see mode.
host@127.0.0.1
host@192.168.26.104
HELIOS2009: Savior mode on
HELIOS2009: init ok.  unum: 1 side: r
***ERROR*** RCSSParamParser. unknown parameter name or invalid value. name=[host] value=[192.168.26.104]
HELIOS2009 1:  KickTable created.
HELIOS2009 1: [-1, 0] set synch see mode.
HELIOS2009: init ok.  unum: 2 side: r
***ERROR*** RCSSParamParser. unknown parameter name or invalid value. name=[host] value=[192.168.26.105]
HELIOS2009: init ok.  unum: 3 side: r
***ERROR*** RCSSParamParser. unknown parameter name or invalid value. name=[host] value=[192.168.26.105]
HELIOS2009: init ok.  unum: 4 side: r
***ERROR*** RCSSParamParser. unknown parameter name or invalid value. name=[host] value=[192.168.26.105]
HELIOS2009: init ok.  unum: 5 side: r
***ERROR*** RCSSParamParser. unknown parameter name or invalid value. name=[host] value=[192.168.26.105]
HELIOS2009 2:  KickTable created.
HELIOS2009 2: [-1, 0] set synch see mode.
HELIOS2009 3:  KickTable created.
HELIOS2009 3: [-1, 0] set synch see mode.
HELIOS2009: init ok.  unum: 7 side: r
***ERROR*** RCSSParamParser. unknown parameter name or invalid value. name=[host] value=[192.168.26.105]
HELIOS2009 4:  KickTable created.
HELIOS2009 5:  KickTable created.
HELIOS2009 4: [0, 1] set synch see mode.
HELIOS2009 5: [0, 1] set synch see mode.
HELIOS2009: init ok.  unum: 6 side: r
***ERROR*** RCSSParamParser. unknown parameter name or invalid value. name=[host] value=[192.168.26.105]
HELIOS2009: init ok.  unum: 9 side: r
***ERROR*** RCSSParamParser. unknown parameter name or invalid value. name=[host] value=[192.168.26.105]
HELIOS2009: init ok.  unum: 8 side: r
***ERROR*** RCSSParamParser. unknown parameter name or invalid value. name=[host] value=[192.168.26.105]
HELIOS2009 7:  KickTable created.
HELIOS2009 7: [-1, 0] set synch see mode.
HELIOS2009: init ok.  unum: 10 side: r
***ERROR*** RCSSParamParser. unknown parameter name or invalid value. name=[host] value=[192.168.26.105]
HELIOS2009 6:  KickTable created.
HELIOS2009 6: [-1, 0] set synch see mode.
HELIOS2009 9:  KickTable created.
HELIOS2009 9: [-1, 0] set synch see mode.
HELIOS2009 8:  KickTable created.
HELIOS2009 8: [-1, 0] set synch see mode.
HELIOS2009 10:  KickTable created.
HELIOS2009 10: [-1, 0] set synch see mode.
***ERROR*** RCSSParamParser. unknown parameter name or invalid value. name=[host] value=[192.168.26.105]
HELIOS2009: init ok.  unum: 11 side: r
***ERROR*** RCSSParamParser. unknown parameter name or invalid value. name=[host] value=[192.168.26.105]
HELIOS2009 11:  KickTable created.
HELIOS2009 11: [-1, 0] set synch see mode.
HELIOS2009: init ok.  unum: 2 side: r
***ERROR*** RCSSParamParser. unknown parameter name or invalid value. name=[host] value=[192.168.26.104]
HELIOS2009: init ok.  unum: 3 side: r
***ERROR*** RCSSParamParser. unknown parameter name or invalid value. name=[host] value=[192.168.26.104]
HELIOS2009: init ok.  unum: 4 side: r
***ERROR*** RCSSParamParser. unknown parameter name or invalid value. name=[host] value=[192.168.26.104]
HELIOS2009: init ok.  unum: 5 side: r
***ERROR*** RCSSParamParser. unknown parameter name or invalid value. name=[host] value=[192.168.26.104]
HELIOS2009 2:  KickTable created.
HELIOS2009 2: [-1, 0] set synch see mode.
HELIOS2009 3:  KickTable created.
HELIOS2009 3: [-1, 0] set synch see mode.
HELIOS2009 4:  KickTable created.
HELIOS2009 4: [-1, 0] set synch see mode.
HELIOS2009 5:  KickTable created.
HELIOS2009 5: [-1, 0] set synch see mode.
HELIOS2009: init ok.  unum: 6 side: r
***ERROR*** RCSSParamParser. unknown parameter name or invalid value. name=[host] value=[192.168.26.104]
HELIOS2009: init ok.  unum: 7 side: r
***ERROR*** RCSSParamParser. unknown parameter name or invalid value. name=[host] value=[192.168.26.104]
HELIOS2009: init ok.  unum: 8 side: r
***ERROR*** RCSSParamParser. unknown parameter name or invalid value. name=[host] value=[192.168.26.104]
HELIOS2009 6:  KickTable created.
HELIOS2009 6: [-1, 0] set synch see mode.
HELIOS2009 7:  KickTable created.
HELIOS2009 7: [-1, 0] set synch see mode.
HELIOS2009: init ok.  unum: 9 side: r
***ERROR*** RCSSParamParser. unknown parameter name or invalid value. name=[host] value=[192.168.26.104]
HELIOS2009: init ok.  unum: 10 side: r
***ERROR*** RCSSParamParser. unknown parameter name or invalid value. name=[host] value=[192.168.26.104]
HELIOS2009 8:  KickTable created.
HELIOS2009 8: [-1, 0] set synch see mode.
HELIOS2009: init ok.  unum: 11 side: r
***ERROR*** RCSSParamParser. unknown parameter name or invalid value. name=[host] value=[192.168.26.104]
HELIOS2009 9:  KickTable created.
HELIOS2009 9: [-1, 0] set synch see mode.
HELIOS2009 10:  KickTable created.
HELIOS2009 10: [-1, 0] set synch see mode.
***ERROR*** RCSSParamParser. unknown parameter name or invalid value. name=[host] value=[192.168.26.104]
HELIOS2009 11:  KickTable created.
HELIOS2009 11: [-1, 0] set synch see mode.
id speed step inc  power  stam  karea
 0 1.000   6  45.0 100.0  55.0  1.085
 1 0.831   5  45.3 100.0  54.7  1.077
 2 0.861   5  42.9 100.0  57.1  1.151
 3 0.878   5  44.7 100.0  55.3  1.152
 4 0.896   5  41.6 100.0  58.4  1.058
 5 0.991   5  43.3 100.0  56.7  1.131
 6 0.825   6  46.4 100.0  53.6  1.064
 7 0.870   5  40.5 100.0  59.5  1.127
 8 1.046   7  44.0 100.0  56.0  1.041
 9 0.789   5  43.4 100.0  56.6  1.030
 10 0.851   5  46.6 100.0  53.4  1.125
 11 0.839   4  43.7 100.0  56.3  1.083
 12 0.769   5  47.9 100.0  52.1  1.097
 13 0.889   5  41.7 100.0  58.3  1.113
 14 1.041   7  45.9 100.0  54.1  1.010
 15 1.006   6  42.4 100.0  57.6  1.024
 16 0.910   6  45.1 100.0  54.9  1.158
 17 0.762   5  47.9 100.0  52.1  1.077
host@127.0.0.1
host@192.168.26.106
HELIOS2009: Savior mode on
HELIOS2009: init ok.  unum: 1 side: r
***ERROR*** RCSSParamParser. unknown parameter name or invalid value. name=[host] value=[192.168.26.106]
HELIOS2009 1:  KickTable created.
HELIOS2009 1: [-1, 0] set synch see mode.
id speed step inc  power  stam  karea
 0 1.000   6  45.0 100.0  55.0  1.085
 1 0.975   7  44.0 100.0  56.0  1.170
 2 0.874   5  47.1 100.0  52.9  1.064
 3 0.964   5  43.4 100.0  56.6  1.004
 4 0.862   7  51.2 100.0  48.8  1.015
 5 0.783   4  48.9 100.0  51.1  1.123
 6 0.773   6  50.0 100.0  50.0  1.063
 7 1.000   6  45.5 100.0  54.5  1.109
 8 1.015   6  46.8 100.0  53.2  1.127
 9 0.893   6  50.8 100.0  49.2  1.102
 10 1.009   6  46.6 100.0  53.4  1.023
 11 0.848   5  43.1 100.0  56.9  1.169
 12 0.813   5  51.0 100.0  49.0  1.089
 13 1.024   6  43.1 100.0  56.9  1.167
 14 0.876   6  43.7 100.0  56.3  1.153
 15 0.927   5  41.8 100.0  58.2  1.003
 16 0.815   6  49.8 100.0  50.2  1.152
 17 0.958   5  41.0 100.0  59.0  1.059
HELIOS2009: init ok.  unum: 2 side: r
***ERROR*** RCSSParamParser. unknown parameter name or invalid value. name=[hostHELIOS2001: init ok.  un
3 side: r
***ERROR*** RCSSParamParser. unknown parameter name or invalid value. name=[host] value=[192.168.26.106]
HELIOS2009: init ok.  unum: 4 side: r
***ERROR*** RCSSParamParser. unknown parameter name or invalid value. name=[host] value=[192.168.26.106]
HELIOS2009: init ok.  unum: 7 side: r
***ERROR*** RCSSParamParser. unknown parameter name or invalid value. name=[host] value=[192.168.26.106]
HELIOS2009 3:  KickTable created.
HELIOS2009 3: [-1, 0] set synch see mode.
HELIOS2009: init ok.  unum: 8 side: r
***ERROR*** RCSSParamParser. unknown parameter name or invalid value. name=[host] value=[192.168.26.106]
HELIOS2009: init ok.  unum: 6 side: r
***ERROR*** RCSSParamParser. unknown parameter name or invalid value. name=[host] value=[192.168.26.106]
HELIOS2009: init ok.  unum: 5 side: r
***ERROR*** RCSSParamParser. unknown parameter name or invalid value. name=[host] value=[192.168.26.106]
HELIOS2009: init ok.  unum: 9 side: r
***ERROR*** RCSSParamParser. unknown parameter name or invalid value. name=[host] value=[192.168.26.106]
HELIOS2009 4:  KickTable created.
HELIOS2009 4: [-1, 0] set synch see mode.
HELIOS2009 2:  KickTable created.
HELIOS2009 2: [-1, 0] set synch see mode.
HELIOS2009 6:  KickTable created.
HELIOS2009 6: [-1, 0] set synch see mode.
HELIOS2009 9:  KickTable created.
HELIOS2009 9: [-1, 0] set synch see mode.
HELIOS2009: init ok.  unum: 10 side: r
***ERROR*** RCSSParamParser. unknown parameter name or invalid value. name=[host] value=[192.168.26.106]
HELIOS2009: init ok.  unum: 11 side: r
***ERROR*** RCSSParamParser. unknown parameter name or invalid value. name=[host] value=[192.168.26.106]
***ERROR*** RCSSParamParser. unknown parameter name or invalid value. name=[host] value=[192.168.26.106]
HELIOS2009 5:  KickTable created.
HELIOS2009 5: [-1, 0] set synch see mode.
HELIOS2009 7:  KickTable created.
HELIOS2009 7: [-1, 0] set synch see mode.
HELIOS2009 8:  KickTable created.
HELIOS2009 8: [-1, 0] set synch see mode.
HELIOS2009 10:  KickTable created.
HELIOS2009 10: [0, 1] set synch see mode.
HELIOS2009 11:  KickTable created.
HELIOS2009 11: [0, 1] set synch see mode.
id speed step inc  power  stam  karea
 0 1.000   6  45.0 100.0  55.0  1.085
 1 0.836   6  51.3 100.0  48.7  1.084
 2 0.919   6  48.0 100.0  52.0  1.146
 3 0.898   4  41.1 100.0  58.9  1.095
 4 0.835   4  42.4 100.0  57.6  1.167
 5 0.856   4  42.0 100.0  58.0  1.116
 6 0.812   6  50.4 100.0  49.6  1.148
 7 0.973   7  50.0 100.0  50.0  1.067
 8 0.906   5  41.6 100.0  58.4  1.160
 9 0.884   5  42.7 100.0  57.3  1.097
 10 0.809   5  44.6 100.0  55.4  1.158
 11 0.842   4  42.5 100.0  57.5  1.116
 12 0.830   4  42.5 100.0  57.5  1.101
 13 0.906   6  46.4 100.0  53.6  1.132
 14 0.798   6  51.6 100.0  48.4  1.158
 15 0.998   6  42.1 100.0  57.9  1.000
 16 0.832   5  41.5 100.0  58.5  1.032
 17 0.845   5  46.3 100.0  53.7  1.055
HELIOS2009 3: [1382, 0]  WARNING. no turn_neck.
HELIOS2009 3: [2187, 0]  WARNING. no turn_neck.
coach: [3000, 0] add new freeform allowed
coach: [3000, 0] add new freeform allowed
coach: [3000, 0] add new freeform allowed
HELIOS2009 2: [3563, 0]  WARNING. no turn_neck.
host@127.0.0.1
host@192.168.26.105
HELIOS2009: Savior mode on
HELIOS2009: init ok.  unum: 1 side: r
***ERROR*** RCSSParamParser. unknown parameter name or invalid value. name=[host] value=[192.168.26.105]
HELIOS2009 1:  KickTable created.
HELIOS2009 1: [-1, 0] set synch see mode.
HELIOS2009: init ok.  unum: 2 side: r
***ERROR*** RCSSParamParser. unknown parameter name or invalid value. name=[host] value=[192.168.26.105]
HELIOS2009: init ok.  unum: 4 side: r
***ERROR*** RCSSParamParser. unknown parameter name or invalid value. name=[host] value=[192.168.26.105]
HELIOS2009: init ok.  unum: 6 side: r
***ERROR*** RCSSParamParser. unknown parameter name or invalid value. name=[host] value=[192.168.26.105]
HELIOS2009: init ok.  unum: 5 side: r
***ERROR*** RCSSParamParser. unknown parameter name or invalid value. name=[host] value=[192.168.26.105]
HELIOS2009: init ok.  unum: 3 side: r
***ERROR*** RCSSParamParser. unknown parameter name or invalid value. name=[host] value=[192.168.26.105]
HELIOS2009 2:  KickTable created.
HELIOS2009 2: [0, 1] set synch see mode.
HELIOS2009 4:  KickTable created.
HELIOS2009 4: [-1, 0] set synch see mode.
HELIOS2009 5:  KickTable created.
HELIOS2009 5: [-1, 0] set synch see mode.
HELIOS2009: init ok.  unum: 7 side: r
***ERROR*** RCSSParamParser. unknown parameter name or invalid value. name=[host] value=[192.168.26.105]
HELIOS2009 6:  KickTable created.
HELIOS2009 6: [-1, 0] set synch see mode.
HELIOS2009 3:  KickTable created.
HELIOS2009 3: [-1, 0] set synch see mode.
HELIOS2009: init ok.  unum: 9 side: r
***ERROR*** RCSSParamParser. unknown parameter name or invalid value. name=[host] value=[192.168.26.105]
HELIOS2009 7:  KickTable created.
HELIOS2009: init ok.  unum: 8 side: r
HELIOS2009 7: [-1, 0] set synch see mode.
***ERROR*** RCSSParamParser. unknown parameter name or invalid value. name=[host] value=[192.168.26.105]
HELIOS2009: init ok.  unum: 10 side: r
***ERROR*** RCSSParamParser. unknown parameter name or invalid value. name=[host] value=[192.168.26.105]
HELIOS2009 9:  KickTable created.
HELIOS2009 9: [-1, 0] set synch see mode.
HELIOS2009 8:  KickTable created.
HELIOS2009 8: [-1, 0] set synch see mode.
***ERROR*** RCSSParamParser. unknown parameter name or invalid value. name=[host] value=[192.168.26.105]
HELIOS2009: init ok.  unum: 11 side: r
***ERROR*** RCSSParamParser. unknown parameter name or invalid value. name=[host] value=[192.168.26.105]
HELIOS2009 10:  KickTable created.
HELIOS2009 10: [0, 1] set synch see mode.
HELIOS2009 11:  KickTable created.
HELIOS2009 11: [0, 1] set synch see mode.
id speed step inc  power  stam  karea
 0 1.000   6  45.0 100.0  55.0  1.085
 1 0.779   4  47.0 100.0  53.0  1.142
 2 0.890   6  45.8 100.0  54.2  1.026
 3 0.941   4  42.3 100.0  57.7  1.057
 4 0.924   6  46.5 100.0  53.5  1.079
 5 0.831   6  51.5 100.0  48.5  1.133
 6 0.857   4  43.4 100.0  56.6  1.010
 7 0.970   5  42.5 100.0  57.5  1.157
 8 0.838   5  51.0 100.0  49.0  1.059
 9 0.890   5  40.3 100.0  59.7  1.142
 10 1.009   6  44.9 100.0  55.1  1.101
 11 0.992   5  40.3 100.0  59.7  1.158
 12 0.799   6  50.3 100.0  49.7  1.068
 13 0.806   5  47.6 100.0  52.4  1.086
 14 0.842   6  50.9 100.0  49.1  1.101
 15 0.831   6  47.1 100.0  52.9  1.066
 16 0.803   5  49.6 100.0  50.4  1.178
 17 0.938   5  44.0 100.0  56.0  1.031
host@127.0.0.1
host@192.168.26.106
HELIOS2009: Savior mode on
HELIOS2009: init ok.  unum: 1 side: r
***ERROR*** RCSSParamParser. unknown parameter name or invalid value. name=[host] value=[192.168.26.106]
HELIOS2009 1:  KickTable created.
HELIOS2009 1: [-1, 0] set synch see mode.
HELIOS2009: init ok.  unum: 2 side: r
HELIOS2009: init ok.  unum: : init ok.  unum: 45 side: r
***ERROR*** RCSSParamParser. unknown parameter name or invalid value. name=[host] value=[192.168.26.106]
***ERROR*** RCSSParamParser. unknown parameter name or invalid value. name=[host] value=[192.168.26.106]
HELIOS2009: init ok.  unum: 6 side: r
***ERROR*** RCSSParamParser. unknown parameter name or invalid value. name=[host] value=[192.168.26.106]
HELIOS2009 2:  KickTable created.
HELIOS2009 2: [-1, 0] set synch see mode.
HELIOS2009 4:  KickTable created.
HELIOS2009 4: [-1, 0] set synch see mode.
HELIOS2009 6:  KickTable created.
HELIOS2009 6: [-1, 0] set synch see mode.
HELIOS2009 5:  KickTable created.
HELIOS2009 5: [-1, 0] set synch see mode.
HELIOS2009 3:  KickTable created.
HELIOS2009 3: [-1, 0] set synch see mode.
HELIOS2009: init ok.  unum: 7 side: r
***ERROR*** RCSSParamParser. unknown parameter name or invalid value. name=[host] value=[192.168.26.106]
HELIOS2009: init ok.  unum: 8 side: r
***ERROR*** RCSSParamParser. unknown parameter name or invalid value. name=[host] value=[192.168.26.106]
HELIOS2009: init ok.  unum: 9 side: r
***ERROR*** RCSSParamParser. unknown parameter name or invalid value. name=[host] value=[192.168.26.106]
HELIOS2009: init ok.  unum: 10 side: r
***ERROR*** RCSSParamParser. unknown parameter name or invalid value. name=[host] value=[192.168.26.106]
HELIOS2009 7:  KickTable created.
HELIOS2009 7: [-1, 0] set synch see mode.
HELIOS2009 8:  KickTable created.
HELIOS2009 8: [-1, 0] set synch see mode.
HELIOS2009 10:  KickTable created.
HELIOS2009 10: [0, 1] set synch see mode.
HELIOS2009 9:  KickTable created.
HELIOS2009 9: [0, 1] set synch see mode.
***ERROR*** RCSSParamParser. unknown parameter name or invalid value. name=[host] value=[192.168.26.106]
HELIOS2009: init ok.  unum: 11 side: r
***ERROR*** RCSSParamParser. unknown parameter name or invalid value. name=[host] value=[192.168.26.106]
HELIOS2009 11:  KickTable created.
HELIOS2009 11: [-1, 0] set synch see mode.
id speed step inc  power  stam  karea
 0 1.000   6  45.0 100.0  55.0  1.085
 1 0.954   6  44.6 100.0  55.4  1.041
 2 0.902   7  48.2 100.0  51.8  1.124
 3 1.021   6  42.5 100.0  57.5  1.085
 4 0.756   4  47.6 100.0  52.4  1.072
 5 0.964   7  45.6 100.0  54.4  1.000
 6 0.952   6  47.2 100.0  52.8  1.086
 7 0.868   6  48.9 100.0  51.1  1.123
 8 0.794   5  42.3 100.0  57.7  1.083
 9 0.836   4  46.6 100.0  53.4  1.070
 10 1.036   7  46.8 100.0  53.2  1.010
 11 0.779   5  47.3 100.0  52.7  1.021
 12 0.895   6  44.2 100.0  55.8  1.097
 13 0.843   5  42.1 100.0  57.9  1.007
 14 0.887   6  49.4 100.0  50.6  0.991
 15 0.835   5  50.1 100.0  49.9  1.005
 16 0.795   5  48.6 100.0  51.4  1.048
 17 0.840   6  46.1 100.0  53.9  1.003
host@127.0.0.1
host@192.168.26.104
HELIOS2009: Savior mode on
HELIOS2009: init ok.  unum: 1 side: r
***ERROR*** RCSSParamParser. unknown parameter name or invalid value. name=[host] value=[192.168.26.104]
HELIOS2009 1:  KickTable created.
HELIOS2009 1: [-1, 0] set synch see mode.
HELIOS2009: init ok.  unum: 2 side: r
***ERROR*** RCSSParamParser. unknown parameter name or invalid value. name=[host] value=[192.168.26.104]
HELIOS2009: init ok.  unum: 3 side: r
***ERROR*** RCSSParamParser. unknown parameter name or invalid value. name=[host] value=[192.168.26.104]
HELIOS2009 3:  KickTable created.
HELIOS2009 2:  KickTable created.
HELIOS2009: init ok.  unum: 7 side: r
HELIOS2009 2: [0, 1] set synch see mode.
***ERROR*** RCSSParamParser. unknown parameter name or invalid value. name=[host] value=[192.168.26.104]
HELIOS2009: init ok.  unum: 4 side: r
***ERROR*** RCSSParamParser. unknown parameter name or invalid value. name=[host] value=[192.168.26.104]
HELIOS2009 3: [0, 1] set synch see mode.
HELIOS2009: init ok.  unum: 5 side: r
***ERROR*** RCSSParamParser. unknown parameter name or invalid value. name=[host] value=[192.168.26.104]
HELIOS2009 7:  KickTable created.
HELIOS2009 7: [-1, 0] set synch see mode.
HELIOS2009: init ok.  unum: 6 side: r
***ERROR*** RCSSParamParser. unknown parameter name or invalid value. name=[host] value=[192.168.26.104]
HELIOS2009: init ok.  unum: 8 side: r
***ERROR*** RCSSParamParser. unknown parameter name or invalid value. name=[host] value=[192.168.26.104]
HELIOS2009 6:  KickTable created.
HELIOS2009 6: [-1, 0] set synch see mode.
HELIOS2009 4:  KickTable created.
HELIOS2009 4: [-1, 0] set synch see mode.
HELIOS2009 5:  KickTable created.
HELIOS2009 5: [-1, 0] set synch see mode.
HELIOS2009 8:  KickTable created.
HELIOS2009 8: [-1, 0] set synch see mode.
HELIOS2009: init ok.  unum: 9 side: r
***ERROR*** RCSSParamParser. unknown parameter name or invalid value. name=[host] value=[192.168.26.104]
HELIOS2009: init ok.  unum: 10 side: r
***ERROR*** RCSSParamParser. unknown parameter name or invalid value. name=[host] value=[192.168.26.104]
HELIOS2009: init ok.  unum: 11 side: r
***ERROR*** RCSSParamParser. unknown parameter name or invalid value. name=[host] value=[192.168.26.104]
***ERROR*** RCSSParamParser. unknown parameter name or invalid value. name=[host] value=[192.168.26.104]
HELIOS2009 9:  KickTable created.
HELIOS2009 9: [-1, 0] set synch see mode.
HELIOS2009 11:  KickTable created.
HELIOS2009 11: [-1, 0] set synch see mode.
HELIOS2009 10:  KickTable created.
HELIOS2009 10: [-1, 0] set synch see mode.
id speed step inc  power  stam  karea
 0 1.000   6  45.0 100.0  55.0  1.085
 1 0.816   6  48.5 100.0  51.5  1.065
 2 0.779   5  43.4 100.0  56.6  1.109
 3 0.895   5  44.5 100.0  55.5  1.005
 4 0.932   5  41.6 100.0  58.4  1.183
 5 1.005   5  43.1 100.0  56.9  1.133
 6 0.851   4  42.5 100.0  57.5  1.065
 7 0.818   5  45.2 100.0  54.8  0.986
 8 0.860   6  45.9 100.0  54.1  1.054
 9 0.822   5  44.8 100.0  55.2  1.179
 10 0.775   5  45.8 100.0  54.2  1.096
 11 0.794   4  47.5 100.0  52.5  1.004
 12 1.004   6  43.6 100.0  56.4  1.135
 13 0.875   5  45.0 100.0  55.0  0.987
 14 0.839   6  49.6 100.0  50.4  1.096
 15 0.818   4  42.3 100.0  57.7  1.095
 16 0.907   5  47.3 100.0  52.7  1.007
 17 0.797   5  47.6 100.0  52.4  1.054
HELIOS2009 3: [623, 0]  WARNING. no turn_neck.
recover dec 0.998
recover dec 0.996
recover dec 0.994
HELIOS2009 10: [1826, 0] Body_KickOneStep unexpected reach.
coach: [3000, 0] add new freeform allowed
coach: [3000, 0] add new freeform allowed
coach: [3000, 0] add new freeform allowed
HELIOS2009 3: [3957, 0]  WARNING. no turn_neck.
HELIOS2009 3: [4971, 0]  WARNING. no turn_neck.
HELIOS2009 2: [5539, 0]  WARNING. no turn_neck.
host@127.0.0.1
host@192.168.26.105
HELIOS2009: Savior mode on
HELIOS2009: init ok.  unum: 1 side: r
***ERROR*** RCSSParamParser. unknown parameter name or invalid value. name=[host] value=[192.168.26.105]
HELIOS2009 1:  KickTable created.
HELIOS2009 1: [-1, 0] set synch see mode.
HELIOS2009: init ok.  unum: 2 side: r
***ERROR*** RCSSParamParser. unknown parameter name or invalid value. name=[host] value=[192.168.26.105]
HELIOS2009: init ok.  unum: 3 side: r
***ERROR*** RCSSParamParser. unknown parameter name or invalid value. name=[host] value=[192.168.26.105]
HELIOS2009: init ok.  unum: 6 side: r
***ERROR*** RCSSParamParser. unknown parameter name or invalid value. name=[host] value=[192.168.26.105]
HELIOS2009: init ok.  unum: 4 side: r
***ERROR*** RCSSParamParser. unknown parameter name or invalid value. name=[host] value=[192.168.26.105]
HELIOS2009: init ok.  unum: 7 side: r
***ERROR*** RCSSParamParser. unknown parameter name or invalid value. name=[host] value=[192.168.26.105]
HELIOS2009: init ok.  unum: 5 side: r
***ERROR*** RCSSParamParser. unknown parameter name or invalid value. name=[host] value=[192.168.26.105]
HELIOS2009 2:  KickTable created.
HELIOS2009 2: [0, 1] set synch see mode.
HELIOS2009 4:  KickTable created.
HELIOS2009 4: [-1, 0] set synch see mode.
HELIOS2009 6:  KickTable created.
HELIOS2009 6: [-1, 0] set synch see mode.
HELIOS2009 7:  KickTable created.
HELIOS2009 7: [-1, 0] set synch see mode.
HELIOS2009: init ok.  unum: 8 side: r
***ERROR*** RCSSParamParser. unknown parameter name or invalid value. name=[host] value=[192.168.26.105]
HELIOS2009: init ok.  unum: 9 side: r
***ERROR*** RCSSParamParser. unknown parameter name or invalid value. name=[host] value=[192.168.26.105]
HELIOS2009 5:  KickTable created.
HELIOS2009 5: [-1, 0] set synch see mode.
HELIOS2009 3:  KickTable created.
HELIOS2009 3: [-1, 0] set synch see mode.
HELIOS2009: init ok.  unum: 10 side: r
***ERROR*** RCSSParamParser. unknown parameter name or invalid value. name=[host] value=[192.168.26.105]
HELIOS2009 8:  KickTable created.
HELIOS2009 8: [-1, 0] set synch see mode.
HELIOS2009 9:  KickTable created.
HELIOS2009 9: [-1, 0] set synch see mode.
HELIOS2009: init ok.  unum: 11 side: r
***ERROR*** RCSSParamParser. unknown parameter name or invalid value. name=[host] value=[192.168.26.105]
HELIOS2009 11:  KickTable created.
HELIOS2009 11: [-1, 0] set synch see mode.
HELIOS2009 10:  KickTable created.
HELIOS2009 10: [-1, 0] set synch see mode.
***ERROR*** RCSSParamParser. unknown parameter name or invalid value. name=[host] value=[192.168.26.105]
id speed step inc  power  stam  karea
 0 1.000   6  45.0 100.0  55.0  1.085
 1 0.948   6  47.6 100.0  52.4  1.055
 2 1.022   6  43.6 100.0  56.4  1.112
 3 1.018   6  42.4 100.0  57.6  1.026
 4 0.818   5  51.4 100.0  48.6  1.147
 5 0.771   5  48.7 100.0  51.3  1.128
 6 0.804   7  52.0 100.0  48.0  1.124
 7 0.965   6  46.3 100.0  53.7  1.167
 8 0.985   6  47.6 100.0  52.4  1.093
 9 0.827   5  47.0 100.0  53.0  1.180
 10 0.971   5  40.5 100.0  59.5  1.039
 11 0.772   6  49.6 100.0  50.4  1.013
 12 0.906   5  41.7 100.0  58.3  1.183
 13 0.792   6  48.7 100.0  51.3  1.160
 14 0.872   5  41.3 100.0  58.7  1.155
 15 0.898   5  41.0 100.0  59.0  1.175
 16 0.880   5  41.4 100.0  58.6  1.093
 17 0.847   5  46.4 100.0  53.6  1.003
host@127.0.0.1
host@192.168.26.104
HELIOS2009: Savior mode on
HELIOS2009: init ok.  unum: 1 side: r
***ERROR*** RCSSParamParser. unknown parameter name or invalid value. name=[host] value=[192.168.26.104]
HELIOS2009 1:  KickTable created.
HELIOS2009 1: [-1, 0] set synch see mode.
HELIOS2009: init ok.  unum: 2 side: r
***ERROR*** RCSSParamParser. unknown parameter name or invalid value. name=[host] value=[192.168.26.104]
HELIOS2009: init ok.  unum: 4 side: r
***ERROR*** RCSSParamParser. unknown parameter name or invalid value. name=[host] value=[192.168.26.104]
HELIOS2009: init ok.  unum: 3 side: r
***ERROR*** RCSSParamParser. unknown parameter name or invalid value. name=[host] value=[192.168.26.104]
HELIOS2009 2:  KickTable created.
HELIOS2009 2: [0, 1] set synch see mode.
HELIOS2009: init ok.  unum: 5 side: r
***ERROR*** RCSSParamParser. unknown parameter name or invalid value. name=[host] value=[192.168.26.104]
HELIOS2009: init ok.  unum: 6 side: r
***ERROR*** RCSSParamParser. unknown parameter name or invalid value. name=[host] value=[192.168.26.104]
HELIOS2009 4:  KickTable created.
HELIOS2009 4: [-1, 0] set synch see mode.
HELIOS2009 5:  KickTable created.
HELIOS2009 5: [-1, 0] set synch see mode.
HELIOS2009 3:  KickTable created.
HELIOS2009 6:  KickTable created.
HELIOS2009 6: [-1, 0] set synch see mode.
HELIOS2009 3: [-1, 0] set synch see mode.
HELIOS2009: init ok.  unum: 7 side: r
***ERROR*** RCSSParamParser. unknown parameter name or invalid value. name=[host] value=[192.168.26.104]
HELIOS2009: init ok.  unum: 8 side: r
***ERROR*** RCSSParamParser. unknown parameter name or invalid value. name=[host] value=[192.168.26.104]
HELIOS2009: init ok.  unum: 9 side: r
***ERROR*** RCSSParamParser. unknown parameter name or invalid value. name=[host] value=[192.168.26.104]
HELIOS2009: init ok.  unum: 10 side: r
***ERROR*** RCSSParamParser. unknown parameter name or invalid value. name=[host] value=[192.168.26.104]
HELIOS2009: init ok.  unum: 11 side: r
***ERROR*** RCSSParamParser. unknown parameter name or invalid value. name=[host] value=[192.168.26.104]
HELIOS2009 7:  KickTable created.
HELIOS2009 7: [-1, 0] set synch see mode.
HELIOS2009 9:  KickTable created.
HELIOS2009 9: [0, 1] set synch see mode.
HELIOS2009 10:  KickTable created.
HELIOS2009 10: [0, 1] set synch see mode.
HELIOS2009 8:  KickTable created.
HELIOS2009 8: [0, 1] set synch see mode.
HELIOS2009 11:  KickTable created.
HELIOS2009 11: [-1, 0] set synch see mode.
***ERROR*** RCSSParamParser. unknown parameter name or invalid value. name=[host] value=[192.168.26.104]
id speed step inc  power  stam  karea
 0 1.000   6  45.0 100.0  55.0  1.085
 1 0.881   4  41.8 100.0  58.2  1.175
 2 0.946   5  45.5 100.0  54.5  1.005
 3 0.923   7  50.0 100.0  50.0  1.162
 4 0.867   4  41.7 100.0  58.3  1.018
 5 0.797   5  43.1 100.0  56.9  1.116
 6 1.006   5  40.4 100.0  59.6  1.029
 7 1.002   5  41.6 100.0  58.4  1.068
 8 0.874   5  45.9 100.0  54.1  1.091
 9 0.860   4  42.4 100.0  57.6  1.093
 10 0.870   4  42.8 100.0  57.2  1.053
 11 0.815   4  43.4 100.0  56.6  1.009
 12 0.760   5  48.4 100.0  51.6  1.084
 13 0.821   5  41.8 100.0  58.2  1.076
 14 0.997   5  40.5 100.0  59.5  1.025
 15 1.026   7  46.8 100.0  53.2  1.165
 16 0.948   6  43.8 100.0  56.2  1.170
 17 0.897   5  42.2 100.0  57.8  1.175
HELIOS2009 2: [110, 0]  WARNING. no turn_neck.
host@127.0.0.1
host@192.168.26.106
HELIOS2009: Savior mode on
HELIOS2009: init ok.  unum: 1 side: r
***ERROR*** RCSSParamParser. unknown parameter name or invalid value. name=[host] value=[192.168.26.106]
HELIOS2009 1:  KickTable created.
HELIOS2009 1: [-1, 0] set synch see mode.
HELIOS2009: init ok.  unum: 2 side: r
***ERROR*** RCSSParamParser. unknown parameter name or invalid value. name=[host] value=[192.168.26.106]
HELIOS2009: init ok.  unum: 3 side: r
***ERROR*** RCSSParamParser. unknown parameter name or invalid value. name=[host] value=[192.168.26.106]
HELIOS2009: init ok.  unum: 4 side: r
***ERROR*** RCSSParamParser. unknown parameter name or invalid value. name=[host] value=[192.168.26.106]
HELIOS2009: init ok.  unum: 5 side: r
***ERROR*** RCSSParamParser. unknown parameter name or invalid value. name=[host] value=[192.168.26.106]
HELIOS2009: init ok.  unum: 6 side: r
***ERROR*** RCSSParamParser. unknown parameter name or invalid value. name=[host] value=[192.168.26.106]
HELIOS2009: init ok.  unum: 7 side: r
***ERROR*** RCSSParamParser. unknown parameter name or invalid value. name=[host] value=[192.168.26.106]
HELIOS2009 3:  KickTable created.
HELIOS2009 3: [-1, 0] set synch see mode.
HELIOS2009: init ok.  unum: 8 side: r
***ERROR*** RCSSParamParser. unknown parameter name or invalid value. name=[host] value=[192.168.26.106]
HELIOS2009 6:  KickTable created.
HELIOS2009 6: [-1, 0] set synch see mode.
HELIOS2009 4:  KickTable created.
HELIOS2009 4: [-1, 0] set synch see mode.
HELIOS2009 2:  KickTable created.
HELIOS2009 2: [-1, 0] set synch see mode.
HELIOS2009 5:  KickTable created.
HELIOS2009 5: [-1, 0] set synch see mode.
HELIOS2009 7:  KickTable created.
HELIOS2009 7: [-1, 0] set synch see mode.
HELIOS2009 8:  KickTable created.
HELIOS2009 8: [-1, 0] set synch see mode.
HELIOS2009: init ok.  unum: 9 side: r
***ERROR*** RCSSParamParser. unknown parameter name or invalid value. name=[host] value=[192.168.26.106]
HELIOS2009: init ok.  unum: 10 side: r
***ERROR*** RCSSParamParser. unknown parameter name or invalid value. name=[host] value=[192.168.26.106]
HELIOS2009: init ok.  unum: 11 side: r
***ERROR*** RCSSParamParser. unknown parameter name or invalid value. name=[host] value=[192.168.26.106]
***ERROR*** RCSSParamParser. unknown parameter name or invalid value. name=[host] value=[192.168.26.106]
HELIOS2009 9:  KickTable created.
HELIOS2009 9: [-1, 0] set synch see mode.
HELIOS2009 10:  KickTable created.
HELIOS2009 10: [-1, 0] set synch see mode.
HELIOS2009 11:  KickTable created.
HELIOS2009 11: [-1, 0] set synch see mode.
id speed step inc  power  stam  karea
 0 1.000   6  45.0 100.0  55.0  1.085
 1 0.859   5  44.5 100.0  55.5  1.099
 2 0.913   5  44.3 100.0  55.7  1.071
 3 0.862   5  46.5 100.0  53.5  1.093
 4 0.954   6  42.3 100.0  57.7  1.017
 5 0.824   6  47.5 100.0  52.5  1.076
 6 0.850   6  51.0 100.0  49.0  1.177
 7 0.894   5  43.7 100.0  56.3  1.085
 8 0.821   5  48.2 100.0  51.8  1.184
 9 0.897   6  51.0 100.0  49.0  1.177
 10 0.800   4  44.2 100.0  55.8  1.080
 11 0.834   5  43.7 100.0  56.3  1.081
 12 0.841   5  44.5 100.0  55.5  1.012
 13 1.001   6  45.6 100.0  54.4  1.014
 14 0.887   6  51.7 100.0  48.3  1.130
 15 0.866   5  47.1 100.0  52.9  1.107
 16 0.870   6  47.0 100.0  53.0  1.087
 17 0.809   5  41.9 100.0  58.1  1.029
HELIOS2009 2: [718, 0]  WARNING. no turn_neck.
HELIOS2009 3: [886, 0]  WARNING. no turn_neck.
HELIOS2009 2: [1178, 0]  WARNING. no turn_neck.
HELIOS2009 2: [1967, 0]  WARNING. no turn_neck.
coach: [3000, 0] add new freeform allowed
coach: [3000, 0] add new freeform allowed
coach: [3000, 0] add new freeform allowed
HELIOS2009 3: [5373, 0]  WARNING. no turn_neck.
HELIOS2009 2: [5531, 0]  WARNING. no turn_neck.
host@127.0.0.1
host@192.168.26.104
HELIOS2009: Savior mode on
HELIOS2009: init ok.  unum: 1 side: r
***ERROR*** RCSSParamParser. unknown parameter name or invalid value. name=[host] value=[192.168.26.104]
HELIOS2009 1:  KickTable created.
HELIOS2009 1: [-1, 0] set synch see mode.
HELIOS2009: init ok.  unum: 2 side: r
***ERROR*** RCSSParamParser. unknown parameter name or invalid value. name=[host] value=[192.168.26.104]
HELIOS2009: init ok.  unum: 5 side: r
***ERROR*** RCSSParamParser. unknown parameter name or invalid value. name=[host] value=[192.168.26.104]
HELIOS2009: init ok.  unum: 4 side: r
***ERROR*** RCSSParamParser. unknown parameter name or invalid value. name=[host] value=[192.168.26.104]
HELIOS2009: init ok.  unum: 3 side: r
***ERROR*** RCSSParamParser. unknown parameter name or invalid value. name=[host] value=[192.168.26.104]
HELIOS2009: init ok.  unum: 7 side: r
***ERROR*** RCSSParamParser. unknown parameter name or invalid value. name=[host] value=[192.168.26.104]
HELIOS2009 2:  KickTable created.
HELIOS2009 2: [-1, 0] set synch see mode.
HELIOS2009: init ok.  unum: 6 side: r
***ERROR*** RCSSParamParser. unknown parameter name or invalid value. name=[host] value=[192.168.26.104]
HELIOS2009 5:  KickTable created.
HELIOS2009 5: [-1, 0] set synch see mode.
HELIOS2009: init ok.  unum: 9 side: r
HELIOS2009: init ok.  unum: 8 side: r
***ERROR*** RCSSParamParser. unknown parameter name or invalid value. name=[host] value=[192.168.26.104]
***ERROR*** RCSSParamParser. unknown parameter name or invalid value. name=[host] value=[192.168.26.104]
HELIOS2009 4:  KickTable created.
HELIOS2009 4: [-1, 0] set synch see mode.
HELIOS2009 3:  KickTable created.
HELIOS2009 6:  KickTable created.
HELIOS2009 3: [-1, 0] set synch see mode.
HELIOS2009 6: [-1, 0] set synch see mode.
HELIOS2009 7:  KickTable created.
HELIOS2009 7: [-1, 0] set synch see mode.
HELIOS2009 8:  KickTable created.
HELIOS2009 8: [-1, 0] set synch see mode.
HELIOS2009 9:  KickTable created.
HELIOS2009 9: [-1, 0] set synch see mode.
HELIOS2009: init ok.  unum: 11 side: r
***ERROR*** RCSSParamParser. unknown parameter name or invalid value. name=[host] value=[192.168.26.104]
***ERROR*** RCSSParamParser. unknown parameter name or invalid value. name=[host] value=[192.168.26.104]
HELIOS2009: init ok.  unum: 10 side: r
***ERROR*** RCSSParamParser. unknown parameter name or invalid value. name=[host] value=[192.168.26.104]
HELIOS2009 11:  KickTable created.
HELIOS2009 11: [-1, 0] set synch see mode.
HELIOS2009 10:  KickTable created.
HELIOS2009 10: [-1, 0] set synch see mode.
id speed step inc  power  stam  karea
 0 1.000   6  45.0 100.0  55.0  1.085
 1 0.917   6  51.0 100.0  49.0  1.058
 2 0.902   5  41.6 100.0  58.4  1.042
 3 0.764   4  46.8 100.0  53.2  1.017
 4 0.918   6  47.7 100.0  52.3  1.050
 5 0.816   6  49.4 100.0  50.6  1.118
 6 0.854   5  47.8 100.0  52.2  1.002
 7 0.942   7  50.9 100.0  49.1  1.006
 8 0.827   5  46.4 100.0  53.6  1.161
 9 0.949   6  44.0 100.0  56.0  1.134
 10 0.942   6  45.0 100.0  55.0  1.045
 11 0.813   5  47.3 100.0  52.7  1.141
 12 0.877   7  51.6 100.0  48.4  1.123
 13 0.833   6  47.0 100.0  53.0  1.166
 14 0.934   5  43.1 100.0  56.9  1.167
 15 0.970   5  42.5 100.0  57.5  1.092
 16 0.975   6  45.9 100.0  54.1  1.179
 17 1.029   6  43.5 100.0  56.5  1.028
host@127.0.0.1
host@192.168.26.105
HELIOS2009: Savior mode on
HELIOS2009: init ok.  unum: 1 side: r
***ERROR*** RCSSParamParser. unknown parameter name or invalid value. name=[host] value=[192.168.26.105]
HELIOS2009 1:  KickTable created.
HELIOS2009 1: [-1, 0] set synch see mode.
HELIOS2009: init ok.  unum: 2 side: r
***ERROR*** RCSSParamParser. unknown parameter name or invalid value. name=[host] value=[192.168.26.105]
HELIOS2009: init ok.  unum: 4 side: r
***ERROR*** RCSSParamParser. unknown parameter name or invalid value. name=[host] value=[192.168.26.105]
HELIOS2009: init ok.  unum: 3 side: r
***ERROR*** RCSSParamParser. unknown parameter name or invalid value. name=[host] value=[192.168.26.105]
HELIOS2009 2:  KickTable created.
HELIOS2009 2: [0, 1] set synch see mode.
HELIOS2009: init ok.  unum: 5 side: r
***ERROR*** RCSSParamParser. unknown parameter name or invalid value. name=[host] value=[192.168.26.105]
HELIOS2009 4:  KickTable created.
HELIOS2009 4: [-1, 0] set synch see mode.
HELIOS2009 5:  KickTable created.
HELIOS2009 5: [-1, 0] set synch see mode.
HELIOS2009 3:  KickTable created.
HELIOS2009 3: [-1, 0] set synch see mode.
HELIOS2009: init ok.  unum: 6 side: r
***ERROR*** RCSSParamParser. unknown parameter name or invalid value. name=[host] value=[192.168.26.105]
HELIOS2009: init ok.  unum: 8 side: r
***ERROR*** RCSSParamParser. unknown parameter name or invalid value. name=[host] value=[192.168.26.105]
HELIOS2009: init ok.  unum: 9 side: r
***ERROR*** RCSSParamParser. unknown parameter name or invalid value. name=[host] value=[192.168.26.105]
HELIOS2009: init ok.  unum: 7 side: r
***ERROR*** RCSSParamParser. unknown parameter name or invalid value. name=[host] value=[192.168.26.105]
HELIOS2009: init ok.  unum: 10 side: r
***ERROR*** RCSSParamParser. unknown parameter name or invalid value. name=[host] value=[192.168.26.105]
HELIOS2009 9:  KickTable created.
HELIOS2009 9: [-1, 0] set synch see mode.
HELIOS2009 8:  KickTable created.
HELIOS2009 8: [-1, 0] set synch see mode.
HELIOS2009: init ok.  unum: 11 side: r
***ERROR*** RCSSParamParser. unknown parameter name or invalid value. name=[host] value=[192.168.26.105]
HELIOS2009 6:  KickTable created.
HELIOS2009 6: [-1, 0] set synch see mode.
***ERROR*** RCSSParamParser. unknown parameter name or invalid value. name=[host] value=[192.168.26.105]
HELIOS2009 11:  KickTable created.
HELIOS2009 11: [-1, 0] set synch see mode.
HELIOS2009 7:  KickTable created.
HELIOS2009 7: [0, 1] set synch see mode.
HELIOS2009 10:  KickTable created.
HELIOS2009 10: [0, 1] set synch see mode.
id speed step inc  power  stam  karea
 0 1.000   6  45.0 100.0  55.0  1.085
 1 0.926   7  51.0 100.0  49.0  1.065
 2 0.775   4  47.6 100.0  52.4  0.994
 3 0.847   5  42.7 100.0  57.3  1.010
 4 0.762   5  45.6 100.0  54.4  1.084
 5 0.835   5  43.2 100.0  56.8  1.032
 6 0.854   6  49.1 100.0  50.9  1.087
 7 0.823   5  43.3 100.0  56.7  1.041
 8 0.825   4  43.0 100.0  57.0  1.141
 9 0.855   5  48.4 100.0  51.6  0.989
 10 0.985   6  47.5 100.0  52.5  1.143
 11 0.862   5  41.1 100.0  58.9  1.000
 12 0.876   6  45.0 100.0  55.0  1.157
 13 1.029   6  46.7 100.0  53.3  1.132
 14 0.841   4  44.0 100.0  56.0  1.058
 15 0.852   4  41.9 100.0  58.1  1.016
 16 0.786   5  46.2 100.0  53.8  1.026
 17 0.788   5  48.9 100.0  51.1  1.101
HELIOS2009 3: [6000, 0]  WARNING. no turn_neck.
host@127.0.0.1
host@192.168.26.106
HELIOS2009: Savior mode on
HELIOS2009: init ok.  unum: 1 side: r
***ERROR*** RCSSParamParser. unknown parameter name or invalid value. name=[host] value=[192.168.26.106]
HELIOS2009 1:  KickTable created.
HELIOS2009 1: [-1, 0] set synch see mode.
HELIOS2009: init ok.  unum: 3 side: r
***ERROR*** RCSSParamParser. unknown parameter name or invalid value. name=[host] value=[192.168.26.106]
HELIOS2009: init ok.  unum: 2 side: r
***ERROR*** RCSSParamParser. unknown parameter name or invalid value. name=[host] value=[192.168.26.106]
HELIOS2009: init ok.  unum: 4 side: r
***ERROR*** RCSSParamParser. unknown parameter name or invalid value. name=[host] value=[192.168.26.106]
HELIOS2009 2:  KickTable created.
HELIOS2009 2: [-1, 0] set synch see mode.
HELIOS2009: init ok.  unum: 5 side: r
***ERROR*** RCSSParamParser. unknown parameter name or invalid value. name=[host] value=[192.168.26.106]
HELIOS2009: init ok.  unum: 6 side: r
***ERROR*** RCSSParamParser. unknown parameter name or invalid value. name=[host] value=[192.168.26.106]
HELIOS2009 3:  KickTable created.
HELIOS2009 3: [-1, 0] set synch see mode.
HELIOS2009: init ok.  unum: 8 side: r
***ERROR*** RCSSParamParser. unknown parameter name or invalid value. name=[host] value=[192.168.26.106]
HELIOS2009: init ok.  unum: 9 side: r
***ERROR*** RCSSParamParser. unknown parameter name or invalid value. name=[host] value=[192.168.26.106]
HELIOS2009: init ok.  unum: 7 side: r
***ERROR*** RCSSParamParser. unknown parameter name or invalid value. name=[host] value=[192.168.26.106]
HELIOS2009 4:  KickTable created.
HELIOS2009 4: [-1, 0] set synch see mode.
HELIOS2009 6:  KickTable created.
HELIOS2009 6: [-1, 0] set synch see mode.
HELIOS2009 8:  KickTable created.
HELIOS2009 8: [-1, 0] set synch see mode.
HELIOS2009 9:  KickTable created.
HELIOS2009 9: [-1, 0] set synch see mode.
HELIOS2009: init ok.  unum: 10 side: r
***ERROR*** RCSSParamParser. unknown parameter name or invalid value. name=[host] value=[192.168.26.106]
HELIOS2009 5:  KickTable created.
HELIOS2009 5: [-1, 0] set synch see mode.
***ERROR*** RCSSParamParser. unknown parameter name or invalid value. name=[host] value=[192.168.26.106]
HELIOS2009: init ok.  unum: 11 side: r
***ERROR*** RCSSParamParser. unknown parameter name or invalid value. name=[host] value=[192.168.26.106]
HELIOS2009 7:  KickTable created.
HELIOS2009 7: [-1, 0] set synch see mode.
HELIOS2009 10:  KickTable created.
HELIOS2009 10: [0, 1] set synch see mode.
HELIOS2009 11:  KickTable created.
HELIOS2009 11: [-1, 0] set synch see mode.
id speed step inc  power  stam  karea
 0 1.000   6  45.0 100.0  55.0  1.085
 1 1.001   7  47.4 100.0  52.6  1.177
 2 1.042   6  40.2 100.0  59.8  1.043
 3 0.820   5  42.1 100.0  57.9  1.127
 4 0.774   5  51.3 100.0  48.7  1.066
 5 0.854   5  41.4 100.0  58.6  1.019
 6 0.836   5  47.8 100.0  52.2  1.038
 7 0.833   5  48.7 100.0  51.3  1.105
 8 0.889   5  44.4 100.0  55.6  1.092
 9 0.897   5  45.6 100.0  54.4  1.120
 10 0.877   5  42.0 100.0  58.0  0.995
 11 0.928   6  42.9 100.0  57.1  1.068
 12 0.795   6  48.7 100.0  51.3  1.159
 13 0.791   6  48.8 100.0  51.2  1.141
 14 1.033   6  43.8 100.0  56.2  1.178
 15 0.893   5  47.0 100.0  53.0  1.137
 16 0.979   6  43.4 100.0  56.6  1.145
 17 0.913   7  51.5 100.0  48.5  1.152
coach: [3000, 0] add new freeform allowed
coach: [3000, 0] add new freeform allowed
coach: [3000, 0] add new freeform allowed
HELIOS2009 3: [3820, 0]  WARNING. no turn_neck.
HELIOS2009 3: [4113, 0]  WARNING. no turn_neck.
HELIOS2009 2: [4375, 0]  WARNING. no turn_neck.
formation_dt.cpp:385***ERROR*** No intersection!
 focus=(12.546, -23.2229) line_intersection=(1.79769e+308, 1.79769e+308)
 v0=(13.61, -30.73) v1=(11.63, -16.76) v2=(23.43, -17.75)
formation_dt.cpp:385***ERROR*** No intersection!
 focus=(12.546, -23.2229) line_intersection=(1.79769e+308, 1.79769e+308)
 v0=(13.61, -30.73) v1=(11.63, -16.76) v2=(23.43, -17.75)
formation_dt.cpp:385***ERROR*** No intersection!
 focus=(12.546, -23.2229) line_intersection=(1.79769e+308, 1.79769e+308)
 v0=(13.61, -30.73) v1=(11.63, -16.76) v2=(23.43, -17.75)
formation_dt.cpp:385***ERROR*** No intersection!
 focus=(12.546, -23.2229) line_intersection=(1.79769e+308, 1.79769e+308)
 v0=(13.61, -30.73) v1=(11.63, -16.76) v2=(23.43, -17.75)
formation_dt.cpp:385***ERROR*** No intersection!
 focus=(12.546, -23.2229) line_intersection=(1.79769e+308, 1.79769e+308)
 v0=(13.61, -30.73) v1=(11.63, -16.76) v2=(23.43, -17.75)
formation_dt.cpp:385***ERROR*** No intersection!
 focus=(12.546, -23.2229) line_intersection=(1.79769e+308, 1.79769e+308)
 v0=(13.61, -30.73) v1=(11.63, -16.76) v2=(23.43, -17.75)
formation_dt.cpp:385***ERROR*** No intersection!
 focus=(12.546, -23.2229) line_intersection=(1.79769e+308, 1.79769e+308)
 v0=(13.61, -30.73) v1=(11.63, -16.76) v2=(23.43, -17.75)
formation_dt.cpp:385***ERROR*** No intersection!
 focus=(12.546, -23.2229) line_intersection=(1.79769e+308, 1.79769e+308)
 v0=(13.61, -30.73) v1=(11.63, -16.76) v2=(23.43, -17.75)
formation_dt.cpp:385***ERROR*** No intersection!
 focus=(12.546, -23.2229) line_intersection=(1.79769e+308, 1.79769e+308)
 v0=(13.61, -30.73) v1=(11.63, -16.76) v2=(23.43, -17.75)
formation_dt.cpp:385***ERROR*** No intersection!
 focus=(12.546, -23.2229) line_intersection=(1.79769e+308, 1.79769e+308)
 v0=(13.61, -30.73) v1=(11.63, -16.76) v2=(23.43, -17.75)
formation_dt.cpp:385***ERROR*** No intersection!
 focus=(12.546, -23.2229) line_intersection=(1.79769e+308, 1.79769e+308)
 v0=(13.61, -30.73) v1=(11.63, -16.76) v2=(23.43, -17.75)
HELIOS2009 3: [5701, 0]  WARNING. no turn_neck.
host@127.0.0.1
host@192.168.26.104
HELIOS2009: Savior mode on
HELIOS2009: init ok.  unum: 1 side: r
***ERROR*** RCSSParamParser. unknown parameter name or invalid value. name=[host] value=[192.168.26.104]
HELIOS2009 1:  KickTable created.
HELIOS2009 1: [-1, 0] set synch see mode.
HELIOS2009: init ok.  unum: 4 side: r
***ERROR*** RCSSParamParser. unknown parameter name or invalid value. name=[host] value=[192.168.26.104]
HELIOS2009: init ok.  unum: 3 side: r
***ERROR*** RCSSParamParser. unknown parameter name or invalid value. name=[host] value=[192.168.26.104]
HELIOS2009: init ok.  unum: 5 side: r
***ERROR*** RCSSParamParser. unknown parameter name or invalid value. name=[host] value=[192.168.26.104]
HELIOS2009: init ok.  unum: 2 side: r
***ERROR*** RCSSParamParser. unknown parameter name or invalid value. name=[host] value=[192.168.26.104]
HELIOS2009 3:  KickTable created.
HELIOS2009 3: [-1, 0] set synch see mode.
HELIOS2009: init ok.  unum: 6 side: r
***ERROR*** RCSSParamParser. unknown parameter name or invalid value. name=[host] value=[192.168.26.104]
HELIOS2009 5:  KickTable created.
HELIOS2009 5: [-1, 0] set synch see mode.
HELIOS2009 2:  KickTable created.
HELIOS2009 2: [-1, 0] set synch see mode.
HELIOS2009 6:  KickTable created.
HELIOS2009 6: [-1, 0] set synch see mode.
HELIOS2009 4:  KickTable created.
HELIOS2009 4: [-1, 0] set synch see mode.
HELIOS2009: init ok.  unum: 8 side: r
***ERROR*** RCSSParamParser. unknown parameter name or invalid value. name=[host] value=[192.168.26.104]
HELIOS2009: init ok.  unum: 9 side: r
***ERROR*** RCSSParamParser. unknown parameter name or invalid value. name=[host] value=[192.168.26.104]
HELIOS2009: init ok.  unum: 7 side: r
***ERROR*** RCSSParamParser. unknown parameter name or invalid value. name=[host] value=[192.168.26.104]
HELIOS2009: init ok.  unum: 10 side: r
***ERROR*** RCSSParamParser. unknown parameter name or invalid value. name=[host] value=[192.168.26.104]
HELIOS2009: init ok.  unum: 11 side: r
***ERROR*** RCSSParamParser. unknown parameter name or invalid value. name=[host] value=[192.168.26.104]
HELIOS2009 8:  KickTable created.
HELIOS2009 8: [-1, 0] set synch see mode.
HELIOS2009 9:  KickTable created.
HELIOS2009 9: [-1, 0] set synch see mode.
HELIOS2009 10:  KickTable created.
HELIOS2009 10: [-1, 0] set synch see mode.
HELIOS2009 7:  KickTable created.
HELIOS2009 7: [-1, 0] set synch see mode.
HELIOS2009 11:  KickTable created.
HELIOS2009 11: [-1, 0] set synch see mode.
***ERROR*** RCSSParamParser. unknown parameter name or invalid value. name=[host] value=[192.168.26.104]
id speed step inc  power  stam  karea
 0 1.000   6  45.0 100.0  55.0  1.085
 1 0.880   5  46.0 100.0  54.0  1.001
 2 0.964   6  49.2 100.0  50.8  1.066
 3 1.035   6  43.6 100.0  56.4  1.014
 4 0.880   5  42.5 100.0  57.5  1.090
 5 0.781   6  49.8 100.0  50.2  1.003
 6 0.925   5  45.9 100.0  54.1  1.029
 7 0.952   7  46.4 100.0  53.6  1.049
 8 0.874   5  42.4 100.0  57.6  0.996
 9 0.797   6  48.7 100.0  51.3  1.185
 10 0.999   7  50.0 100.0  50.0  1.177
 11 1.018   7  48.2 100.0  51.8  0.996
 12 0.905   6  44.9 100.0  55.1  1.075
 13 0.770   6  48.9 100.0  51.1  1.046
 14 0.861   4  42.8 100.0  57.2  1.020
 15 0.909   5  45.6 100.0  54.4  1.149
 16 0.763   5  50.6 100.0  49.4  1.071
 17 0.914   6  48.9 100.0  51.1  1.082
host@127.0.0.1
host@192.168.26.105
HELIOS2009: Savior mode on
HELIOS2009: init ok.  unum: 1 side: r
***ERROR*** RCSSParamParser. unknown parameter name or invalid value. name=[host] value=[192.168.26.105]
HELIOS2009 1:  KickTable created.
HELIOS2009 1: [-1, 0] set synch see mode.
HELIOS2009: init ok.  unum: 2 side: r
***ERROR*** RCSSParamParser. unknown parameter name or invalid value. name=[host] value=[192.168.26.105]
HELIOS2009: init ok.  unum: 4 side: r
***ERROR*** RCSSParamParser. unknown parameter name or invalid value. name=[host] value=[192.168.26.105]
HELIOS2009: init ok.  unum: 6 side: r
***ERROR*** RCSSParamParser. unknown parameter name or invalid value. name=[host] value=[192.168.26.105]
HELIOS2009: init ok.  unum: 5 side: r
***ERROR*** RCSSParamParser. unknown parameter name or invalid value. name=[host] value=[192.168.26.105]
HELIOS2009 2:  KickTable created.
HELIOS2009 2: [-1, 0] set synch see mode.
HELIOS2009: init ok.  unum: 7 side: r
***ERROR*** RCSSParamParser. unknown parameter name or invalid value. name=[host] value=[192.168.26.105]
HELIOS2009 6:  KickTable created.
HELIOS2009 6: [-1, 0] set synch see mode.
HELIOS2009 4:  KickTable created.
HELIOS2009 4: [-1, 0] set synch see mode.
HELIOS2009: init ok.  unum: 8 side: r
***ERROR*** RCSSParamParser. unknown parameter name or invalid value. name=[host] value=[192.168.26.105]
HELIOS2009: init ok.  unum: 3 side: r
***ERROR*** RCSSParamParser. unknown parameter name or invalid value. name=[host] value=[192.168.26.105]
HELIOS2009: init ok.  unum: 9 side: r
***ERROR*** RCSSParamParser. unknown parameter name or invalid value. name=[host] value=[192.168.26.105]
HELIOS2009: init ok.  unum: 10 side: r
***ERROR*** RCSSParamParser. unknown parameter name or invalid value. name=[host] value=[192.168.26.105]
HELIOS2009 8:  KickTable created.
HELIOS2009 8: [-1, 0] set synch see mode.
HELIOS2009 3:  KickTable created.
HELIOS2009 3: [-1, 0] set synch see mode.
HELIOS2009 9:  KickTable created.
HELIOS2009 9: [-1, 0] set synch see mode.
HELIOS2009 5:  KickTable created.
HELIOS2009 5: [-1, 0] set synch see mode.
HELIOS2009 10:  KickTable created.
HELIOS2009 10: [-1, 0] set synch see mode.
HELIOS2009 7:  KickTable created.
HELIOS2009 7: [-1, 0] set synch see mode.
***ERROR*** RCSSParamParser. unknown parameter name or invalid value. name=[host] value=[192.168.26.105]
HELIOS2009: init ok.  unum: 11 side: r
***ERROR*** RCSSParamParser. unknown parameter name or invalid value. name=[host] value=[192.168.26.105]
HELIOS2009 11:  KickTable created.
HELIOS2009 11: [-1, 0] set synch see mode.
id speed step inc  power  stam  karea
 0 1.000   6  45.0 100.0  55.0  1.085
 1 0.859   6  49.5 100.0  50.5  1.156
 2 0.916   6  43.2 100.0  56.8  1.069
 3 0.789   4  40.6 100.0  59.4  1.162
 4 0.811   4  46.1 100.0  53.9  0.987
 5 0.774   4  46.4 100.0  53.6  1.097
 6 0.762   5  48.2 100.0  51.8  1.064
 7 0.901   5  47.8 100.0  52.2  1.148
 8 1.014   7  45.1 100.0  54.9  1.037
 9 0.834   4  46.0 100.0  54.0  1.021
 10 0.932   5  42.8 100.0  57.2  1.122
 11 0.878   5  40.6 100.0  59.4  1.035
 12 0.997   7  50.2 100.0  49.8  1.043
 13 0.842   4  46.3 100.0  53.7  1.000
 14 0.762   5  46.4 100.0  53.6  1.039
 15 0.756   5  51.2 100.0  48.8  1.084
 16 0.874   6  47.3 100.0  52.7  0.985
 17 0.768   5  44.2 100.0  55.8  1.129
host@127.0.0.1
host@192.168.26.106
HELIOS2009: Savior mode on
HELIOS2009: init ok.  unum: 1 side: r
***ERROR*** RCSSParamParser. unknown parameter name or invalid value. name=[host] value=[192.168.26.106]
HELIOS2009 1:  KickTable created.
HELIOS2009 1: [-1, 0] set synch see mode.
HELIOS2009: init ok.  unum: 2 side: r
***ERROR*** RCSSParamParser. unknown parameter name or invalid value. name=[host] value=[192.168.26.106]
HELIOS2009: init ok.  unum: 3 side: r
***ERROR*** RCSSParamParser. unknown parameter name or invalid value. name=[host] value=[192.168.26.106]
HELIOS2009: init ok.  unum: 4 side: r
***ERROR*** RCSSParamParser. unknown parameter name or invalid value. name=[host] value=[192.168.26.106]
HELIOS2009: init ok.  unum: 5 side: r
***ERROR*** RCSSParamParser. unknown parameter name or invalid value. name=[host] value=[192.168.26.106]
HELIOS2009 2:  KickTable created.
HELIOS2009 2: [-1, 0] set synch see mode.
HELIOS2009 3:  KickTable created.
HELIOS2009 3: [-1, 0] set synch see mode.
HELIOS2009 4:  KickTable created.
HELIOS2009 5:  KickTable created.
HELIOS2009 4: [-1, 0] set synch see mode.
HELIOS2009 5: [-1, 0] set synch see mode.
HELIOS2009: init ok.  unum: 8 side: r
***ERROR*** RCSSParamParser. unknown parameter name or invalid value. name=[host] value=[192.168.26.106]
HELIOS2009: init ok.  unum: 7 side: r
***ERROR*** RCSSParamParser. unknown parameter name or invalid value. name=[host] value=[192.168.26.106]
HELIOS2009: init ok.  unum: 9 side: r
***ERROR*** RCSSParamParser. unknown parameter name or invalid value. name=[host] value=[192.168.26.106]
HELIOS2009: init ok.  unum: 6 side: r
***ERROR*** RCSSParamParser. unknown parameter name or invalid value. name=[host] value=[192.168.26.106]
HELIOS2009: init ok.  unum: 10 side: r
***ERROR*** RCSSParamParser. unknown parameter name or invalid value. name=[host] value=[192.168.26.106]
HELIOS2009 8:  KickTable created.
HELIOS2009 8: [-1, 0] set synch see mode.
HELIOS2009 9:  KickTable created.
HELIOS2009 9: [-1, 0] set synch see mode.
HELIOS2009 10:  KickTable created.
HELIOS2009 10: [-1, 0] set synch see mode.
HELIOS2009: init ok.  unum: 11 side: r
***ERROR*** RCSSParamParser. unknown parameter name or invalid value. name=[host] value=[192.168.26.106]
HELIOS2009 7:  KickTable created.
HELIOS2009 7: [-1, 0] set synch see mode.
HELIOS2009 6:  KickTable created.
HELIOS2009 6: [-1, 0] set synch see mode.
HELIOS2009 11:  KickTable created.
HELIOS2009 11: [-1, 0] set synch see mode.
***ERROR*** RCSSParamParser. unknown parameter name or invalid value. name=[host] value=[192.168.26.106]
id speed step inc  power  stam  karea
 0 1.000   6  45.0 100.0  55.0  1.085
 1 0.993   6  42.4 100.0  57.6  1.069
 2 0.838   5  46.4 100.0  53.6  1.182
 3 0.848   4  43.6 100.0  56.4  0.989
 4 0.919   5  46.7 100.0  53.3  1.039
 5 0.926   6  43.8 100.0  56.2  1.095
 6 0.872   5  43.3 100.0  56.7  1.049
 7 0.775   6  49.5 100.0  50.5  1.046
 8 0.885   6  45.0 100.0  55.0  1.009
 9 0.778   5  49.2 100.0  50.8  1.080
 10 0.850   5  43.7 100.0  56.3  1.144
 11 0.937   4  40.5 100.0  59.5  1.115
 12 0.863   6  48.0 100.0  52.0  1.172
 13 1.006   6  45.2 100.0  54.8  1.064
 14 0.858   5  40.7 100.0  59.3  1.124
 15 0.888   5  42.3 100.0  57.7  1.184
 16 0.881   6  44.6 100.0  55.4  1.011
 17 0.763   5  48.9 100.0  51.1  1.104
HELIOS2009 3: [2206, 0]  WARNING. no turn_neck.
voronoi_diagram.cpp:285:Unexpected reach.
voronoi_diagram.cpp:285:Unexpected reach.
coach: [3000, 0] add new freeform allowed
HELIOS2009 2: [2552, 0]  WARNING. no turn_neck.
coach: [3000, 0] add new freeform allowed
HELIOS2009 2: [3187, 0]  WARNING. no turn_neck.
coach: [3000, 0] add new freeform allowed
HELIOS2009 2: [3407, 0] over dash power range: -193.839
HELIOS2009 3: [4593, 0]  WARNING. no turn_neck.
HELIOS2009 2: [5800, 0]  WARNING. no turn_neck.
voronoi_diagram.cpp:285:Unexpected reach.
voronoi_diagram.cpp:285:Unexpected reach.
host@127.0.0.1
host@192.168.26.104
HELIOS2009: Savior mode on
HELIOS2009: init ok.  unum: 1 side: r
***ERROR*** RCSSParamParser. unknown parameter name or invalid value. name=[host] value=[192.168.26.104]
HELIOS2009 1:  KickTable created.
HELIOS2009 1: [-1, 0] set synch see mode.
HELIOS2009: init ok.  unum: 4 side: r
***ERROR*** RCSSParamParser. unknown parameter name or invalid value. name=[host] value=[192.168.26.104]
HELIOS2009: init ok.  unum: 2 side: r
***ERROR*** RCSSParamParser. unknown parameter name or invalid value. name=[host] value=[192.168.26.104]
host@127.0.0.1
HELIOS2009: init ok.  unum: 3 side: r
***ERROR*** RCSSParamParser. unknown parameter name or invalid value. name=[host] value=[192.168.26.104]
HELIOS2009: init ok.  unum: 7 side: r
***ERROR*** RCSSParamParser. unknown parameter name or invalid value. name=[host] value=[192.168.26.104]
HELIOS2009: init ok.  unum: 5 side: r
***ERROR*** RCSSParamParser. unknown parameter name or invalid value. name=[host] value=[192.168.26.104]
HELIOS2009 4:  KickTable created.
HELIOS2009 4: [-1, 0] set synch see mode.
HELIOS2009 2:  KickTable created.
HELIOS2009 2: [-1, 0] set synch see mode.
HELIOS2009: init ok.  unum: 6 side: r
***ERROR*** RCSSParamParser. unknown parameter name or invalid value. name=[host] value=[192.168.26.104]
HELIOS2009 5:  KickTable created.
HELIOS2009 5: [-1, 0] set synch see mode.
host@192.168.26.105
HELIOS2009 6:  KickTable created.
HELIOS2009 6: [-1, 0] set synch see mode.
HELIOS2009 3:  KickTable created.
HELIOS2009 3: [-1, 0] set synch see mode.
HELIOS2009 7:  KickTable created.
HELIOS2009 7: [-1, 0] set synch see mode.
HELIOS2009: init ok.  unum: 8 side: r
***ERROR*** RCSSParamParser. unknown parameter name or invalid value. name=[host] value=[192.168.26.104]
HELIOS2009: init ok.  unum: 10 side: r
***ERROR*** RCSSParamParser. unknown parameter name or invalid value. name=[host] value=[192.168.26.104]
HELIOS2009: init ok.  unum: 9 side: r
***ERROR*** RCSSParamParser. unknown parameter name or invalid value. name=[host] value=[192.168.26.104]
***ERROR*** RCSSParamParser. unknown parameter name or invalid value. name=[host] value=[192.168.26.104]
HELIOS2009 8:  KickTable created.
HELIOS2009 8: [-1, 0] set synch see mode.
HELIOS2009 9:  KickTable created.
HELIOS2009 9: [-1, 0] set synch see mode.
HELIOS2009: init ok.  unum: 11 side: r
***ERROR*** RCSSParamParser. unknown parameter name or invalid value. name=[host] value=[192.168.26.104]
HELIOS2009 10:  KickTable created.
HELIOS2009 10: [-1, 0] set synch see mode.
HELIOS2009 11:  KickTable created.
HELIOS2009 11: [-1, 0] set synch see mode.
HELIOS2009: Savior mode on
HELIOS2009: init ok.  unum: 1 side: r
***ERROR*** RCSSParamParser. unknown parameter name or invalid value. name=[host] value=[192.168.26.105]
HELIOS2009 1:  KickTable created.
HELIOS2009 1: [-1, 0] set synch see mode.
id speed step inc  power  stam  karea
 0 1.000   6  45.0 100.0  55.0  1.085
 1 0.958   7  47.6 100.0  52.4  1.028
 2 0.962   6  44.7 100.0  55.3  1.101
 3 1.019   6  41.9 100.0  58.1  1.093
 4 0.936   7  51.5 100.0  48.5  1.127
 5 0.835   6  51.3 100.0  48.7  1.088
 6 0.770   6  50.2 100.0  49.8  1.183
 7 1.022   5  40.3 100.0  59.7  1.099
 8 0.935   6  47.2 100.0  52.8  1.063
 9 0.985   7  46.4 100.0  53.6  1.181
 10 1.004   5  42.8 100.0  57.2  1.130
 11 1.013   7  44.3 100.0  55.7  1.041
 12 0.781   4  44.0 100.0  56.0  1.110
 13 0.766   6  52.1 100.0  47.9  1.128
 14 1.043   5  42.3 100.0  57.7  1.125
 15 0.766   4  48.8 100.0  51.2  1.033
 16 0.976   6  47.6 100.0  52.4  1.049
 17 0.884   6  46.1 100.0  53.9  0.989
HELIOS2009: init ok.  unum: 2 side: r
***ERROR*** RCSSParamParser. unknown parameter name or invalid value. name=[host] value=[192.168.26.105]
HELIOS2009: init ok.  unum: 3 side: r
***ERROR*** RCSSParamParser. unknown parameter name or invalid value. name=[host] value=[192.168.26.105]
HELIOS2009: init ok.  unum: 4 side: r
***ERROR*** RCSSParamParser. unknown parameter name or invalid value. name=[host] value=[192.168.26.105]
HELIOS2009 4:  KickTable created.
HELIOS2009 3:  KickTable created.
HELIOS2009 2:  KickTable created.
HELIOS2009 2: [-1, 0] set synch see mode.
HELIOS2009: init ok.  unum: 5 side: r
***ERROR*** RCSSParamParser. unknown parameter name or invalid value. name=[host] value=[192.168.26.105]
HELIOS2009 4: [-1, 0] set synch see mode.
HELIOS2009 3: [-1, 0] set synch see mode.
HELIOS2009: init ok.  unum: 7 side: r
***ERROR*** RCSSParamParser. unknown parameter name or invalid value. name=[host] value=[192.168.26.105]
HELIOS2009: init ok.  unum: 8 side: r
HELIOS2009: init ok.  unum: 6 side: r
***ERROR*** RCSSParamParser. unknown parameter name or invalid value. name=[host] value=[192.168.26.105]
***ERROR*** RCSSParamParser. unknown parameter name or invalid value. name=[host] value=[192.168.26.105]
HELIOS2009 7:  KickTable created.
HELIOS2009 7: [-1, 0] set synch see mode.
HELIOS2009 8:  KickTable created.
HELIOS2009 8: [-1, 0] set synch see mode.
HELIOS2009 5:  KickTable created.
HELIOS2009 5: [0, 1] set synch see mode.
HELIOS2009: init ok.  unum: 9 side: r
***ERROR*** RCSSParamParser. unknown parameter name or invalid value. name=[host] value=[192.168.26.105]
HELIOS2009 6:  KickTable created.
HELIOS2009 6: [0, 1] set synch see mode.
HELIOS2009: init ok.  unum: 10 side: r
***ERROR*** RCSSParamParser. unknown parameter name or invalid value. name=[host] value=[192.168.26.105]
HELIOS2009 9:  KickTable created.
HELIOS2009 9: [-1, 0] set synch see mode.
HELIOS2009 10:  KickTable created.
HELIOS2009 10: [-1, 0] set synch see mode.
HELIOS2009: init ok.  unum: 11 side: r
***ERROR*** RCSSParamParser. unknown parameter name or invalid value. name=[host] value=[192.168.26.105]
***ERROR*** RCSSParamParser. unknown parameter name or invalid value. name=[host] value=[192.168.26.105]
HELIOS2009 11:  KickTable created.
HELIOS2009 11: [-1, 0] set synch see mode.
id speed step inc  power  stam  karea
 0 1.000   6  45.0 100.0  55.0  1.085
 1 0.865   5  41.7 100.0  58.3  1.056
 2 0.968   6  43.7 100.0  56.3  1.163
 3 0.816   5  43.2 100.0  56.8  1.129
 4 0.904   5  42.2 100.0  57.8  1.017
 5 0.910   5  44.2 100.0  55.8  1.098
 6 0.931   6  41.0 100.0  59.0  1.179
 7 1.003   6  42.3 100.0  57.7  1.120
 8 0.971   7  45.1 100.0  54.9  1.019
 9 0.895   5  43.7 100.0  56.3  1.103
 10 0.865   6  48.7 100.0  51.3  1.121
 11 0.880   4  40.6 100.0  59.4  1.109
 12 0.834   7  49.4 100.0  50.6  1.131
 13 0.834   5  42.3 100.0  57.7  1.067
 14 1.017   6  44.8 100.0  55.2  1.039
 15 1.046   6  41.4 100.0  58.6  1.069
 16 1.021   6  42.4 100.0  57.6  1.013
 17 0.936   6  47.7 100.0  52.3  1.135
host@127.0.0.1
host@192.168.26.106
HELIOS2009: Savior mode on
HELIOS2009: init ok.  unum: 1 side: r
***ERROR*** RCSSParamParser. unknown parameter name or invalid value. name=[host] value=[192.168.26.106]
HELIOS2009 1:  KickTable created.
HELIOS2009 1: [-1, 0] set synch see mode.
HELIOS2009: init ok.  unum: 2 side: r
***ERROR*** RCSSParamParser. unknown parameter name or invalid value. name=[host] value=[192.168.26.106]
HELIOS2009: init ok.  unum: 3 side: r
***ERROR*** RCSSParamParser. unknown parameter name or invalid value. name=[host] value=[192.168.26.106]
HELIOS2009: init ok.  unum: 6 side: r
***ERROR*** RCSSParamParser. unknown parameter name or invalid value. name=[host] value=[192.168.26.106]
HELIOS2009: init ok.  unum: 5 side: r
***ERROR*** RCSSParamParser. unknown parameter name or invalid value. name=[host] value=[192.168.26.106]
HELIOS2009 3:  KickTable created.
HELIOS2009 3: [-1, 0] set synch see mode.
HELIOS2009: init ok.  unum: 4 side: r
***ERROR*** RCSSParamParser. unknown parameter name or invalid value. name=[host] value=[192.168.26.106]
HELIOS2009: init ok.  unum: 7 side: r
***ERROR*** RCSSParamParser. unknown parameter name or invalid value. name=[host] value=[192.168.26.106]
HELIOS2009 2:  KickTable created.
HELIOS2009 2: [-1, 0] set synch see mode.
HELIOS2009 6:  KickTable created.
HELIOS2009 6: [-1, 0] set synch see mode.
HELIOS2009 5:  KickTable created.
HELIOS2009 5: [-1, 0] set synch see mode.
HELIOS2009 4:  KickTable created.
HELIOS2009 4: [-1, 0] set synch see mode.
HELIOS2009 7:  KickTable created.
HELIOS2009 7: [-1, 0] set synch see mode.
HELIOS2009: init ok.  unum: 8 side: r
***ERROR*** RCSSParamParser. unknown parameter name or invalid value. name=[host] value=[192.168.26.106]
HELIOS2009: init ok.  unum: 9 side: r
***ERROR*** RCSSParamParser. unknown parameter name or invalid value. name=[host] value=[192.168.26.106]
HELIOS2009: init ok.  unum: 10 side: r
***ERROR*** RCSSParamParser. unknown parameter name or invalid value. name=[host] value=[192.168.26.106]
HELIOS2009: init ok.  unum: 11 side: r
***ERROR*** RCSSParamParser. unknown parameter name or invalid value. name=[host] value=[192.168.26.106]
HELIOS2009 8:  KickTable created.
HELIOS2009 8: [-1, 0] set synch see mode.
HELIOS2009 1::  KickTable created

HELIOS2009 1::[--,,0]  set synch see mode

***ERROR*** RCSSParamParser. unknown parameter name or invalid value. name=[host] value=[192.168.26.106]
HELIOS2009 11:  KickTable created.
HELIOS2009 11: [-1, 0] set synch see mode.
id speed step inc  power  stam  karea
 0 1.000   6  45.0 100.0  55.0  1.085
 1 0.875   5  46.6 100.0  53.4  1.160
 2 0.824   5  50.3 100.0  49.7  1.122
 3 0.899   5  45.1 100.0  54.9  1.179
 4 0.818   4  41.1 100.0  58.9  1.030
 5 0.878   5  42.3 100.0  57.7  1.130
 6 0.765   5  48.1 100.0  51.9  1.110
 7 0.787   6  52.1 100.0  47.9  1.153
 8 0.873   6  51.9 100.0  48.1  0.989
 9 0.794   5  48.9 100.0  51.1  1.177
 10 0.863   6  46.7 100.0  53.3  1.118
 11 1.006   6  46.7 100.0  53.3  1.085
 12 0.938   4  42.3 100.0  57.7  0.987
 13 0.954   6  43.8 100.0  56.2  1.145
 14 0.928   6  49.3 100.0  50.7  1.037
 15 1.009   6  41.7 100.0  58.3  1.067
 16 0.828   5  46.1 100.0  53.9  1.029
 17 0.876   6  52.0 100.0  48.0  1.123
HELIOS2009 3: [1127, 0]  WARNING. no turn_neck.
HELIOS2009 2: [1917, 0]  WARNING. no turn_neck.
coach: [3000, 0] add new freeform allowed
coach: [3000, 0] add new freeform allowed
coach: [3000, 0] add new freeform allowed
HELIOS2009 3: [3698, 0]  WARNING. no turn_neck.
HELIOS2009 2: [4408, 0]  WARNING. no turn_neck.
host@127.0.0.1
host@192.168.26.105
HELIOS2009: Savior mode on
HELIOS2009: init ok.  unum: 1 side: r
***ERROR*** RCSSParamParser. unknown parameter name or invalid value. name=[host] value=[192.168.26.105]
HELIOS2009 1:  KickTable created.
HELIOS2009 1: [-1, 0] set synch see mode.
HELIOS2009: init ok.  unum: 2 side: r
***ERROR*** RCSSParamParser. unknown parameter name or invalid value. name=[host] value=[192.168.26.105]
HELIOS2009: init ok.  unum: 4 side: r
***ERROR*** RCSSParamParser. unknown parameter name or invalid value. name=[host] value=[192.168.26.105]
HELIOS2009: init ok.  unum: 3 side: r
***ERROR*** RCSSParamParser. unknown parameter name or invalid value. name=[host] value=[192.168.26.105]
HELIOS2009: init ok.  unum: 5 side: r
***ERROR*** RCSSParamParser. unknown parameter name or invalid value. name=[host] value=[192.168.26.105]
HELIOS2009 3:  KickTable created.
HELIOS2009 3: [-1, 0] set synch see mode.
HELIOS2009 5:  KickTable created.
HELIOS2009 5: [-1, 0] set synch see mode.
HELIOS2009 4:  KickTable created.
HELIOS2009 4: [-1, 0] set synch see mode.
HELIOS2009: init ok.  unum: 6 side: r
***ERROR*** RCSSParamParser. unknown parameter name or invalid value. name=[host] value=[192.168.26.105]
HELIOS2009: init ok.  unum: 7 side: r
***ERROR*** RCSSParamParser. unknown parameter name or invalid value. name=[host] value=[192.168.26.105]
HELIOS2009 2:  KickTable created.
HELIOS2009 2: [-1, 0] set synch see mode.
HELIOS2009: init ok.  unum: 8 side: r
HELIOS2009: init ok.  unum: 9 side: r
***ERROR*** RCSSParamParser. unknown parameter name or invalid value. name=[host] value=[192.168.26.105]
***ERROR*** RCSSParamParser. unknown parameter name or invalid value. name=[host] value=[192.168.26.105]
HELIOS2009 6:  KickTable created.
HELIOS2009 6: [-1, 0] set synch see mode.
HELIOS2009 7:  KickTable created.
HELIOS2009 7: [-1, 0] set synch see mode.
HELIOS2009 8:  KickTable created.
HELIOS2009 9:  KickTable created.
HELIOS2009 8: [-1, 0] set synch see mode.
HELIOS2009 9: [-1, 0] set synch see mode.
HELIOS2009: init ok.  unum: 10 side: r
***ERROR*** RCSSParamParser. unknown parameter name or invalid value. name=[host] value=[192.168.26.105]
HELIOS2009: init ok.  unum: 11 side: r
***ERROR*** RCSSParamParser. unknown parameter name or invalid value. name=[host] value=[192.168.26.105]
***ERROR*** RCSSParamParser. unknown parameter name or invalid value. name=[host] value=[192.168.26.105]
HELIOS2009 11:  KickTable created.
HELIOS2009 11: [-1, 0] set synch see mode.
HELIOS2009 10:  KickTable created.
HELIOS2009 10: [-1, 0] set synch see mode.
id speed step inc  power  stam  karea
 0 1.000   6  45.0 100.0  55.0  1.085
 1 0.865   5  40.7 100.0  59.3  1.101
 2 1.023   6  46.3 100.0  53.7  0.994
 3 0.996   6  42.4 100.0  57.6  1.035
 4 0.837   4  42.0 100.0  58.0  1.115
 5 0.792   5  50.4 100.0  49.6  1.018
 6 0.917   7  50.7 100.0  49.3  1.001
 7 0.969   7  47.3 100.0  52.7  1.067
 8 0.931   6  49.6 100.0  50.4  1.020
 9 0.850   5  49.9 100.0  50.1  1.099
 10 1.049   6  42.0 100.0  58.0  1.002
 11 0.967   5  41.6 100.0  58.4  1.017
 12 0.909   6  49.2 100.0  50.8  1.127
 13 0.842   6  50.4 100.0  49.6  1.149
 14 0.841   5  43.2 100.0  56.8  1.134
 15 0.836   6  50.3 100.0  49.7  1.145
 16 1.010   6  40.8 100.0  59.2  1.121
 17 1.019   6  43.7 100.0  56.3  1.176
host@127.0.0.1
host@192.168.26.104
HELIOS2009: Savior mode on
HELIOS2009: init ok.  unum: 1 side: r
***ERROR*** RCSSParamParser. unknown parameter name or invalid value. name=[host] value=[192.168.26.104]
HELIOS2009 1:  KickTable created.
HELIOS2009 1: [-1, 0] set synch see mode.
HELIOS2009: init ok.  unum: 2 side: r
***ERROR*** RCSSParamParser. unknown parameter name or invalid value. name=[host] value=[192.168.26.104]
HELIOS2009: init ok.  unum: 3 side: r
***ERROR*** RCSSParamParser. unknown parameter name or invalid value. name=[host] value=[192.168.26.104]
HELIOS2009: init ok.  unum: 5 side: r
***ERROR*** RCSSParamParser. unknown parameter name or invalid value. name=[host] value=[192.168.26.104]
HELIOS2009: init ok.  unum: 4 side: r
***ERROR*** RCSSParamParser. unknown parameter name or invalid value. name=[host] value=[192.168.26.104]
HELIOS2009 5:  KickTable created.
HELIOS2009 2:  KickTable created.
HELIOS2009 5: [-1, 0] set synch see mode.
HELIOS2009 2: [-1, 0] set synch see mode.
HELIOS2009 4:  KickTable created.
HELIOS2009 4: [-1, 0] set synch see mode.
HELIOS2009 3:  KickTable created.
HELIOS2009 3: [-1, 0] set synch see mode.
HELIOS2009: init ok.  unum: 6 side: r
***ERROR*** RCSSParamParser. unknown parameter name or invalid value. name=[host] value=[192.168.26.104]
HELIOS2009: init ok.  unum: 7 side: r
***ERROR*** RCSSParamParser. unknown parameter name or invalid value. name=[host] value=[192.168.26.104]
HELIOS2009 6:  KickTable created.
HELIOS2009 6: [-1, 0] set synch see mode.
HELIOS2009 7:  KickTable created.
HELIOS2009 7: [-1, 0] set synch see mode.
HELIOS2009: init ok.  unum: 8 side: r
***ERROR*** RCSSParamParser. unknown parameter name or invalid value. name=[host] value=[192.168.26.104]
HELIOS2009: init ok.  unum: 9 side: r
***ERROR*** RCSSParamParser. unknown parameter name or invalid value. name=[host] value=[192.168.26.104]
HELIOS2009: init ok.  unum: 10 side: r
***ERROR*** RCSSParamParser. unknown parameter name or invalid value. name=[host] value=[192.168.26.104]
HELIOS2009 8:  KickTable created.
HELIOS2009 8: [0, 1] set synch see mode.
HELIOS2009: init ok.  unum: 11 side: r
***ERROR*** RCSSParamParser. unknown parameter name or invalid value. name=[host] value=[192.168.26.104]
HELIOS2009 9:  KickTable created.
HELIOS2009 9: [0, 1] set synch see mode.
HELIOS2009 10:  KickTable created.
HELIOS2009 10: [-1, 0] set synch see mode.
HELIOS2009 11:  KickTable created.
HELIOS2009 11: [-1, 0] set synch see mode.
***ERROR*** RCSSParamParser. unknown parameter name or invalid value. name=[host] value=[192.168.26.104]
id speed step inc  power  stam  karea
 0 1.000   6  45.0 100.0  55.0  1.085
 1 0.987   6  44.2 100.0  55.8  1.004
 2 0.822   5  49.0 100.0  51.0  1.146
 3 0.865   5  44.9 100.0  55.1  1.092
 4 1.000   7  45.4 100.0  54.6  1.136
 5 1.039   6  41.4 100.0  58.6  1.005
 6 0.992   6  41.6 100.0  58.4  1.175
 7 0.808   5  44.4 100.0  55.6  1.156
 8 1.008   6  42.7 100.0  57.3  1.010
 9 0.880   4  43.2 100.0  56.8  1.051
 10 1.000   5  42.5 100.0  57.5  1.115
 11 0.962   6  45.4 100.0  54.6  1.089
 12 0.808   6  47.3 100.0  52.7  1.033
 13 0.849   5  47.0 100.0  53.0  1.010
 14 0.987   5  41.4 100.0  58.6  1.157
 15 0.758   6  51.8 100.0  48.2  1.102
 16 1.034   5  40.6 100.0  59.4  1.003
 17 0.826   6  48.4 100.0  51.6  1.027
host@127.0.0.1
host@192.168.26.106
HELIOS2009: Savior mode on
HELIOS2009: init ok.  unum: 1 side: r
***ERROR*** RCSSParamParser. unknown parameter name or invalid value. name=[host] value=[192.168.26.106]
HELIOS2009 1:  KickTable created.
HELIOS2009 1: [-1, 0] set synch see mode.
HELIOS2009: init ok.  unum: 2 side: r
***ERROR*** RCSSParamParser. unknown parameter name or invalid value. name=[host] value=[192.168.26.106]
HELIOS2009: init ok.  unum: 4 side: r
***ERROR*** RCSSParamParser. unknown parameter name or invalid value. name=[host] value=[192.168.26.106]
HELIOS2009: init ok.  unum: 5 side: r
***ERROR*** RCSSParamParser. unknown parameter name or invalid value. name=[host] value=[192.168.26.106]
HELIOS2009: init ok.  unum: 3 side: r
***ERROR*** RCSSParamParser. unknown parameter name or invalid value. name=[host] value=[192.168.26.106]
HELIOS2009 2:  KickTable created.
HELIOS2009 2: [0, 1] set synch see mode.
HELIOS2009: init ok.  unum: 6 side: r
***ERROR*** RCSSParamParser. unknown parameter name or invalid value. name=[host] value=[192.168.26.106]
HELIOS2009 5:  KickTable created.
HELIOS2009 5: [-1, 0] set synch see mode.
HELIOS2009 4:  KickTable created.
HELIOS2009 4: [-1, 0] set synch see mode.
HELIOS2009: init ok.  unum: 7 side: r
***ERROR*** RCSSParamParser. unknown parameter name or invalid value. name=[host] value=[192.168.26.106]
HELIOS2009 6:  KickTable created.
HELIOS2009 6: [-1, 0] set synch see mode.
HELIOS2009 3:  KickTable created.
HELIOS2009 3: [-1, 0] set synch see mode.
HELIOS2009 7:  KickTable created.
HELIOS2009 7: [-1, 0] set synch see mode.
HELIOS2009: init ok.  unum: 8 side: r
***ERROR*** RCSSParamParser. unknown parameter name or invalid value. name=[host] value=[192.168.26.106]
HELIOS2009: init ok.  unum: 9 side: r
***ERROR*** RCSSParamParser. unknown parameter name or invalid value. name=[host] value=[192.168.26.106]
HELIOS2009: init ok.  unum: 10 side: r
***ERROR*** RCSSParamParser. unknown parameter name or invalid value. name=[host] value=[192.168.26.106]
HELIOS2009: init ok.  unum: 11 side: r
***ERROR*** RCSSParamParser. unknown parameter name or invalid value. name=[host] value=[192.168.26.106]
***ERROR*** RCSSParamParser. unknown parameter name or invalid value. name=[host] value=[192.168.26.106]
HELIOS2009 8:  KickTable created.
HELIOS2009 8: [-1, 0] set synch see mode.
HELIOS2009 10:  KickTable created.
HELIOS2009 10: [0, 1] set synch see mode.
HELIOS2009 9:  KickTable created.
HELIOS2009 9: [-1, 0] set synch see mode.
HELIOS2009 11:  KickTable created.
HELIOS2009 11: [0, 1] set synch see mode.
id speed step inc  power  stam  karea
 0 1.000   6  45.0 100.0  55.0  1.085
 1 0.979   6  45.2 100.0  54.8  1.152
 2 1.015   7  44.2 100.0  55.8  1.069
 3 0.877   5  42.6 100.0  57.4  1.026
 4 0.774   5  45.3 100.0  54.7  1.096
 5 0.852   5  44.7 100.0  55.3  1.152
 6 0.933   6  49.4 100.0  50.6  0.998
 7 0.964   7  48.9 100.0  51.1  1.126
 8 0.983   6  42.7 100.0  57.3  1.056
 9 0.996   7  46.2 100.0  53.8  1.035
 10 0.796   5  50.3 100.0  49.7  1.159
 11 0.823   5  44.1 100.0  55.9  1.093
 12 0.756   6  50.1 100.0  49.9  1.164
 13 0.939   6  46.7 100.0  53.3  1.087
 14 0.906   6  42.5 100.0  57.5  1.103
 15 0.980   6  40.8 100.0  59.2  1.174
 16 0.830   6  51.0 100.0  49.0  1.068
 17 0.793   5  48.3 100.0  51.7  1.135
HELIOS2009 2: [2669, 0]  WARNING. no turn_neck.
coach: [3000, 0] add new freeform allowed
coach: [3000, 0] add new freeform allowed
coach: [3000, 0] add new freeform allowed
recover dec 0.998
recover dec 0.996
recover dec 0.994
recover dec 0.992
voronoi_diagram.cpp:323:Unexpected reach.
voronoi_diagram.cpp:323:Unexpected reach.
HELIOS2009 3: [4901, 0]  WARNING. no turn_neck.
host@127.0.0.1
host@192.168.26.105
HELIOS2009: Savior mode on
HELIOS2009: init ok.  unum: 1 side: r
***ERROR*** RCSSParamParser. unknown parameter name or invalid value. name=[host] value=[192.168.26.105]
HELIOS2009 1:  KickTable created.
HELIOS2009 1: [-1, 0] set synch see mode.
HELIOS2009: init ok.  unum: 2 side: r
***ERROR*** RCSSParamParser. unknown parameter name or invalid value. name=[host] value=[192.168.26.105]
HELIOS2009: init ok.  unum: 3 side: r
***ERROR*** RCSSParamParser. unknown parameter name or invalid value. name=[host] value=[192.168.26.105]
HELIOS2009: init ok.  unum: 5 side: r
***ERROR*** RCSSParamParser. unknown parameter name or invalid value. name=[host] value=[192.168.26.105]
HELIOS2009: init ok.  unum: 6 side: r
***ERROR*** RCSSParamParser. unknown parameter name or invalid value. name=[host] value=[192.168.26.105]
HELIOS2009: init ok.  unum: 7 side: r
***ERROR*** RCSSParamParser. unknown parameter name or invalid value. name=[host] value=[192.168.26.105]
HELIOS2009 2:  KickTable created.
HELIOS2009 2: [-1, 0] set synch see mode.
HELIOS2009 3:  KickTable created.
HELIOS2009 3: [-1, 0] set synch see mode.
HELIOS2009 5:  KickTable created.
HELIOS2009 5: [-1, 0] set synch see mode.
HELIOS2009: init ok.  unum: 4 side: r
***ERROR*** RCSSParamParser. unknown parameter name or invalid value. name=[host] value=[192.168.26.105]
HELIOS2009: init ok.  unum: 9 side: r
***ERROR*** RCSSParamParser. unknown parameter name or invalid value. name=[host] value=[192.168.26.105]
HELIOS2009: init ok.  unum: 8 side: r
***ERROR*** RCSSParamParser. unknown parameter name or invalid value. name=[host] value=[192.168.26.105]
HELIOS2009: init ok.  unum: 10 side: r
***ERROR*** RCSSParamParser. unknown parameter name or invalid value. name=[host] value=[192.168.26.105]
HELIOS2009 4:  KickTable created.
HELIOS2009 4: [-1, 0] set synch see mode.
HELIOS2009 6:  KickTable created.
HELIOS2009 6: [-1, 0] set synch see mode.
HELIOS2009 8:  KickTable created.
HELIOS2009 8: [-1, 0] set synch see mode.
HELIOS2009 9:  KickTable created.
HELIOS2009 9: [-1, 0] set synch see mode.
HELIOS2009: init ok.  unum: 11 side: r
HELIOS2009 10:  KickTable created.
HELIOS2009 **: [-1, 0] set synch see mode.
HELIOS2009 7:  KickTable created.
HELIOS2009 7: [-1, 0] set synch see mode.
***ERROR*** RCSSParamParser. unknown parameter name or invalid value. name=[host] value=[192.168.26.105]
HELIOS2009 11:  KickTable created.
HELIOS2009 11: [-1, 0] set synch see mode.
id speed step inc  power  stam  karea
 0 1.000   6  45.0 100.0  55.0  1.085
 1 0.796   5  50.7 100.0  49.3  1.025
 2 0.971   6  45.6 100.0  54.4  1.163
 3 0.830   6  51.7 100.0  48.3  1.057
 4 0.776   4  44.7 100.0  55.3  1.073
 5 0.917   6  45.8 100.0  54.2  1.095
 6 0.892   6  47.9 100.0  52.1  1.077
 7 0.887   4  42.7 100.0  57.3  1.029
 8 0.879   5  45.4 100.0  54.6  1.108
 9 0.900   5  46.3 100.0  53.7  1.047
 10 0.836   6  50.1 100.0  49.9  1.059
 11 0.939   7  49.6 100.0  50.4  1.176
 12 0.963   5  41.8 100.0  58.2  1.167
 13 0.756   4  45.1 100.0  54.9  0.994
 14 0.847   6  50.4 100.0  49.6  1.117
 15 0.838   6  51.1 100.0  48.9  1.141
 16 1.044   5  40.4 100.0  59.6  1.072
 17 0.799   5  44.0 100.0  56.0  1.037
host@127.0.0.1
host@192.168.26.104
HELIOS2009: Savior mode on
HELIOS2009: init ok.  unum: 1 side: r
***ERROR*** RCSSParamParser. unknown parameter name or invalid value. name=[host] value=[192.168.26.104]
HELIOS2009 1:  KickTable created.
HELIOS2009 1: [-1, 0] set synch see mode.
HELIOS2009: init ok.  unum: 4 side: r
***ERROR*** RCSSParamParser. unknown parameter name or invalid value. name=[host] value=[192.168.26.104]
HELIOS2009: init ok.  unum: 2 side: r
***ERROR*** RCSSParamParser. unknown parameter name or invalid value. name=[host] value=[192.168.26.104]
HELIOS2009: init ok.  unum: 3 side: r
***ERROR*** RCSSParamParser. unknown parameter name or invalid value. name=[host] value=[192.168.26.104]
HELIOS2009: init ok.  unum: 5 side: r
HELIOS2009: init ok.  unum: 6 side: r
***ERROR*** RCSSParamParser. unknown parameter name or invalid value. name=[host] value=[192.168.26.104]
***ERROR*** RCSSParamParser. unknown parameter name or invalid value. name=[host] value=[192.168.26.104]
HELIOS2009 4:  KickTable created.
HELIOS2009 4: [-1, 0] set synch see mode.
HELIOS2009 2:  KickTable created.
HELIOS2009 2: [-1, 0] set synch see mode.
HELIOS2009: init ok.  unum: 7 side: r
***ERROR*** RCSSParamParser. unknown parameter name or invalid value. name=[host] value=[192.168.26.104]
HELIOS2009 3:  KickTable created.
HELIOS2009 3: [-1, 0] set synch see mode.
HELIOS2009 5:  KickTable created.
HELIOS2009 5: [-1, 0] set synch see mode.
HELIOS2009 7:  KickTable created.
HELIOS2009 7: [-1, 0] set synch see mode.
HELIOS2009 6:  KickTable created.
HELIOS2009 6: [-1, 0] set synch see mode.
HELIOS2009: init ok.  unum: 8 side: r
***ERROR*** RCSSParamParser. unknown parameter name or invalid value. name=[host] value=[192.168.26.104]
HELIOS2009: init ok.  unum: 10 side: r
HELIOS2009: init ok.  unum: 9 side: r
***ERROR*** RCSSParamParser. unknown parameter name or invalid value. name=[host] value=[192.168.26.104]
***ERROR*** RCSSParamParser. unknown parameter name or invalid value. name=[host] value=[192.168.26.104]
HELIOS2009: init ok.  unum: 11 side: r
***ERROR*** RCSSParamParser. unknown parameter name or invalid value. name=[host] value=[192.168.26.104]
HELIOS2009 8:  KickTable created.
HELIOS2009 8: [-1, 0] set synch see mode.
HELIOS2009 9: HELIOS2009 10:  KickTable created.
HELIOS2009 9: [0, 1H set sync 10: [0, 1] set synch see mode.
HELIOS2009 11:  KickTable created.
HELIOS2009 11: [-1, 0] set synch see mode.
***ERROR*** RCSSParamParser. unknown parameter name or invalid value. name=[host] value=[192.168.26.104]
id speed step inc  power  stam  karea
 0 1.000   6  45.0 100.0  55.0  1.085
 1 0.960   5  46.0 100.0  54.0  1.011
 2 0.817   5  42.1 100.0  57.9  1.163
 3 0.887   6  46.1 100.0  53.9  1.132
 4 0.949   7  45.3 100.0  54.7  1.003
 5 0.921   6  45.2 100.0  54.8  1.136
 6 0.801   5  46.3 100.0  53.7  1.128
 7 0.871   5  41.0 100.0  59.0  1.121
 8 0.786   6  52.2 100.0  47.8  1.130
 9 0.937   6  50.1 100.0  49.9  1.152
 10 0.991   6  46.3 100.0  53.7  1.056
 11 0.828   5  43.8 100.0  56.2  1.165
 12 0.880   5  49.0 100.0  51.0  1.158
 13 0.786   6  49.9 100.0  50.1  1.132
 14 0.840   5  46.3 100.0  53.7  1.083
 15 0.911   7  48.7 100.0  51.3  1.083
 16 0.799   5  43.1 100.0  56.9  1.130
 17 0.984   6  47.3 100.0  52.7  1.084
host@127.0.0.1
host@192.168.26.106
HELIOS2009: Savior mode on
HELIOS2009: init ok.  unum: 1 side: r
***ERROR*** RCSSParamParser. unknown parameter name or invalid value. name=[host] value=[192.168.26.106]
HELIOS2009 1:  KickTable created.
HELIOS2009 1: [-1, 0] set synch see mode.
HELIOS2009: init ok.  unum: 3 side: r
***ERROR*** RCSSParamParser. unknown parameter name or invalid value. name=[host] value=[192.168.26.106]
HELIOS2009: init ok.  unum: 2 side: r
***ERROR*** RCSSParamParser. unknown parameter name or invalid value. name=[host] value=[192.168.26.106]
HELIOS2009: init ok.  unum: 4 side: r
***ERROR*** RCSSParamParser. unknown parameter name or invalid value. name=[host] value=[192.168.26.106]
HELIOS2009: init ok.  unum: 5 side: r
***ERROR*** RCSSParamParser. unknown parameter name or invalid value. name=[host] value=[192.168.26.106]
HELIOS2009 3:  KickTable created.
HELIOS2009 3: [-1, 0] set synch see mode.
HELIOS2009: init ok.  unum: 6 side: r
***ERROR*** RCSSParamParser. unknown parameter name or invalid value. name=[host] value=[192.168.26.106]
HELIOS2009 2:  KickTable created.
HELIOS2009 2: [-1, 0] set synch see mode.
HELIOS2009 5:  KickTable created.
HELIOS2009 5: [-1, 0] set synch see mode.
HELIOS2009 4:  KickTable created.
HELIOS2009 4: [-1, 0] set synch see mode.
HELIOS2009 6:  KickTable created.
HELIOS2009 6: [-1, 0] set synch see mode.
HELIOS2009: init ok.  unum: 8 side: r
***ERROR*** RCSSParamParser. unknown parameter name or invalid value. name=[host] value=[192.168.26.106]
HELIOS2009: init ok.  unum: 7 side: r
***ERROR*** RCSSParamParser. unknown parameter name or invalid value. name=[host] value=[192.168.26.106]
HELIOS2009: init ok.  unum: 9 side: r
***ERROR*** RCSSParamParser. unknown parameter name or invalid value. name=[host] value=[192.168.26.106]
HELIOS2009: init ok.  unum: 10 side: r
***ERROR*** RCSSParamParser. unknown parameter name or invalid value. name=[host] value=[192.168.26.106]
HELIOS2009 8:  KickTable created.
HELIOS2009 8: [-1, 0] set synch see mode.
HELIOS2009 9:  KickTable created.
HELIOS2009 9: [-1, 0] set synch see mode.
HELIOS2009 10:  KickTable created.
HELIOS2009 7:  KickTable created.
HELIOS2009 7: [-1, 0] set synch see mode.
HELIOS2009 10: [-1, 0] set synch see mode.
***ERROR*** RCSSParamParser. unknown parameter name or invalid value. name=[host] value=[192.168.26.106]
HELIOS2009: init ok.  unum: 11 side: r
***ERROR*** RCSSParamParser. unknown parameter name or invalid value. name=[host] value=[192.168.26.106]
HELIOS2009 11:  KickTable created.
HELIOS2009 11: [-1, 0] set synch see mode.
id speed step inc  power  stam  karea
 0 1.000   6  45.0 100.0  55.0  1.085
 1 0.989   6  43.6 100.0  56.4  1.007
 2 0.922   6  44.8 100.0  55.2  1.145
 3 0.832   5  41.9 100.0  58.1  1.030
 4 0.885   5  43.9 100.0  56.1  1.091
 5 0.786   5  48.9 100.0  51.1  1.055
 6 0.818   6  47.8 100.0  52.2  1.073
 7 0.924   6  46.9 100.0  53.1  1.118
 8 0.832   5  42.4 100.0  57.6  1.025
 9 0.922   5  42.2 100.0  57.8  1.093
 10 0.899   7  47.6 100.0  52.4  1.057
 11 0.976   6  43.7 100.0  56.3  1.022
 12 0.970   6  43.9 100.0  56.1  1.165
 13 0.922   7  47.5 100.0  52.5  1.109
 14 0.796   5  46.8 100.0  53.2  1.142
 15 0.976   6  45.1 100.0  54.9  1.156
 16 1.006   6  42.4 100.0  57.6  1.157
 17 0.852   7  49.0 100.0  51.0  1.027
HELIOS2009 2: [331, 0]  WARNING. no turn_neck.
voronoi_diagram.cpp:285:Unexpected reach.
voronoi_diagram.cpp:285:Unexpected reach.
voronoi_diagram.cpp:285:Unexpected reach.
voronoi_diagram.cpp:285:Unexpected reach.
voronoi_diagram.cpp:285:Unexpected reach.
voronoi_diagram.cpp:285:Unexpected reach.
voronoi_diagram.cpp:285:Unexpected reach.
voronoi_diagram.cpp:285:Unexpected reach.
voronoi_diagram.cpp:285:Unexpected reach.
HELIOS2009 3: [1343, 0]  WARNING. no turn_neck.
HELIOS2009 2: [1747, 0]  WARNING. no turn_neck.
HELIOS2009 3: [2222, 0]  WARNING. no turn_neck.
HELIOS2009 3: [2060, 0]  WARNING. no turn_neck.
HELIOS2009 2: [2614, 0]  WARNING. no turn_neck.
coach: [3000, 0] add new freeform allowed
coach: [3000, 0] add new freeform allowed
coach: [3000, 0] add new freeform allowed
HELIOS2009 3: [3698, 0]  WARNING. no turn_neck.
HELIOS2009 3: [4799, 0]  WARNING. no turn_neck.
host@127.0.0.1
host@192.168.26.104
HELIOS2009: Savior mode on
HELIOS2009: init ok.  unum: 1 side: r
***ERROR*** RCSSParamParser. unknown parameter name or invalid value. name=[host] value=[192.168.26.104]
HELIOS2009 1:  KickTable created.
HELIOS2009 1: [-1, 0] set synch see mode.
HELIOS2009: init ok.  unum: 2 side: r
***ERROR*** RCSSParamParser. unknown parameter name or invalid value. name=[host] value=[192.168.26.104]
HELIOS2009: init ok.  unum: 3 side: r
***ERROR*** RCSSParamParser. unknown parameter name or invalid value. name=[host] value=[192.168.26.104]
HELIOS2009: init ok.  unum: 4 side: r
***ERROR*** RCSSParamParser. unknown parameter name or invalid value. name=[host] value=[192.168.26.104]
HELIOS2009 2:  KickTable created.
HELIOS2009 2: [0, 1] set synch see mode.
HELIOS2009 3:  KickTable created.
HELIOS2009 3: [0, 1] set synch see mode.
HELIOS2009: init ok.  unum: 5 side: r
***ERROR*** RCSSParamParser. unknown parameter name or invalid value. name=[host] value=[192.168.26.104]
HELIOS2009 4:  KickTable created.
HELIOS2009 4: [-1, 0] set synch see mode.
HELIOS2009 5:  KickTable created.
HELIOS2009 5: [-1, 0] set synch see mode.
HELIOS2009: init ok.  unum: 7 side: r
HELIOS2009: init ok.  unum: 6 side: r
***ERROR*** RCSSParamParser. unknown parameter name or invalid value. name=[host] value=[192.168.26.104]
***ERROR*** RCSSParamParser. unknown parameter name or invalid value. name=[host] value=[192.168.26.104]
HELIOS2009: init ok.  unum: 8 side: r
***ERROR*** RCSSParamParser. unknown parameter name or invalid value. name=[host] value=[192.168.26.104]
HELIOS2009 6:  KickTable created.
HELIOS2009 6: [-1, 0] set synch see mode.
HELIOS2009 7:  KickTable created.
HELIOS2009 7: [-1, 0] set synch see mode.
HELIOS2009 8:  KickTable created.
HELIOS2009 8: [-1, 0] set synch see mode.
HELIOS2009: init ok.  unum: 9 side: r
***ERROR*** RCSSParamParser. unknown parameter name or invalid value. name=[host] value=[192.168.26.104]
HELIOS2009: init ok.  unum: 10 side: r
***ERROR*** RCSSParamParser. unknown parameter name or invalid value. name=[host] value=[192.168.26.104]
HELIOS2009: init ok.  unum: 11 side: r
***ERROR*** RCSSParamParser. unknown parameter name or invalid value. name=[host] value=[192.168.26.104]
HELIOS2009 9:  KickTable created.
HELIOS2009 9: [0, 1] set synch see mode.
***ERROR*** RCSSParamParser. unknown parameter name or invalid value. name=[host] value=[192.168.26.104]
HELIOS2009 11:  KickTable created.
HELIOS2009 11: [-1, 0] set synch see mode.
HELIOS2009 10:  KickTable created.
HELIOS2009 10: [-1, 0] set synch see mode.
id speed step inc  power  stam  karea
 0 1.000   6  45.0 100.0  55.0  1.085
 1 0.809   5  49.2 100.0  50.8  1.105
 2 0.809   6  47.6 100.0  52.4  0.998
 3 0.783   5  50.4 100.0  49.6  1.007
 4 0.815   6  50.4 100.0  49.6  1.124
 5 0.948   7  51.1 100.0  48.9  1.046
 6 0.983   6  41.0 100.0  59.0  1.137
 7 0.790   5  44.2 100.0  55.8  1.012
 8 0.945   6  44.9 100.0  55.1  1.127
 9 0.807   4  43.2 100.0  56.8  1.101
 10 0.983   5  42.8 100.0  57.2  1.020
 11 0.877   6  48.0 100.0  52.0  1.053
 12 0.985   5  40.9 100.0  59.1  1.111
 13 0.874   4  42.2 100.0  57.8  1.152
 14 0.992   6  43.0 100.0  57.0  1.119
 15 0.818   6  49.2 100.0  50.8  1.164
 16 0.765   5  50.0 100.0  50.0  1.068
 17 1.000   5  42.6 100.0  57.4  1.009
host@127.0.0.1
host@192.168.26.105
HELIOS2009: Savior mode on
HELIOS2009: init ok.  unum: 1 side: r
***ERROR*** RCSSParamParser. unknown parameter name or invalid value. name=[host] value=[192.168.26.105]
HELIOS2009 1:  KickTable created.
HELIOS2009 1: [-1, 0] set synch see mode.
HELIOS2009: init ok.  unum: 2 side: r
***ERROR*** RCSSParamParser. unknown parameter name or invalid value. name=[host] value=[192.168.26.105]
HELIOS2009: init ok.  unum: 3 side: r
***ERROR*** RCSSParamParser. unknown parameter name or invalid value. name=[host] value=[192.168.26.105]
HELIOS2009: init ok.  unum: 4 side: r
***ERROR*** RCSSParamParser. unknown parameter name or invalid value. name=[host] value=[192.168.26.105]
HELIOS2009 2:  KickTable created.
HELIOS2009 2: [-1, 0] set synch see mode.
HELIOS2009: init ok.  unum: 6 side: r
***ERROR*** RCSSParamParser. unknown parameter name or invalid value. name=[host] value=[192.168.26.105]
HELIOS2009: init ok.  unum: 5 side: r
***ERROR*** RCSSParamParser. unknown parameter name or invalid value. name=[host] value=[192.168.26.105]
HELIOS2009 4:  KickTable created.
HELIOS2009 4: [-1, 0] set synch see mode.
HELIOS2009: init ok.  unum: 7 side: r
***ERROR*** RCSSParamParser. unknown parameter name or invalid value. name=[host] value=[192.168.26.105]
HELIOS2009 5:  KickTable created.
HELIOS2009 5: [-1, 0] set synch see mode.
HELIOS2009 6:  KickTable created.
HELIOS2009 6: [-1, 0] set synch see mode.
HELIOS2009: init ok.  unum: 8 side: r
***ERROR*** RCSSParamParser. unknown parameter name or invalid value. name=[host] value=[192.168.26.105]
HELIOS2009 3:  KickTable created.
HELIOS2009 3: [-1, 0] set synch see mode.
HELIOS2009 7:  KickTable created.
HELIOS2009 7: [-1, 0] set synch see mode.
HELIOS2009: init ok.  unum: 9 side: r
***ERROR*** RCSSParamParser. unknown parameter name or invalid value. name=[host] value=[192.168.26.105]
HELIOS2009 9:  KickTable created.
HELIOS2009 9: [-1, 0] set synch see mode.
HELIOS2009 8:  KickTable created.
HELIOS2009 8: [-1, 0] set synch see mode.
***ERROR*** RCSSParamParser. unknown parameter name or invalid value. name=[host] value=[192.168.26.105]
HELIOS2009: init ok.  unum: 10 side: r
***ERROR*** RCSSParamParser. unknown parameter name or invalid value. name=[host] value=[192.168.26.105]
HELIOS2009: init ok.  unum: 11 side: r
***ERROR*** RCSSParamParser. unknown parameter name or invalid value. name=[host] value=[192.168.26.105]
HELIOS2009 11:  KickTable created.
HELIOS2009 11: [-1, 0] set synch see mode.
HELIOS2009 10:  KickTable created.
HELIOS2009 10: [-1, 0] set synch see mode.
id speed step inc  power  stam  karea
 0 1.000   6  45.0 100.0  55.0  1.085
 1 0.920   7  48.9 100.0  51.1  1.011
 2 0.871   6  44.5 100.0  55.5  1.016
 3 0.921   5  43.8 100.0  56.2  1.021
 4 0.787   5  50.0 100.0  50.0  0.995
 5 0.817   4  42.0 100.0  58.0  1.095
 6 0.936   5  41.5 100.0  58.5  1.114
 7 1.014   6  40.5 100.0  59.5  1.142
 8 0.902   5  41.1 100.0  58.9  1.166
 9 1.006   5  43.9 100.0  56.1  1.066
 10 0.813   5  45.9 100.0  54.1  1.128
 11 0.815   5  43.8 100.0  56.2  1.061
 12 1.029   5  42.7 100.0  57.3  1.128
 13 0.919   6  48.4 100.0  51.6  1.076
 14 0.769   4  49.0 100.0  51.0  1.128
 15 0.866   5  44.4 100.0  55.6  1.038
 16 0.774   5  45.3 100.0  54.7  1.179
 17 0.942   7  46.7 100.0  53.3  1.100
host@127.0.0.1
host@192.168.26.106
HELIOS2009: Savior mode on
HELIOS2009: init ok.  unum: 1 side: r
***ERROR*** RCSSParamParser. unknown parameter name or invalid value. name=[host] value=[192.168.26.106]
HELIOS2009 1:  KickTable created.
HELIOS2009 1: [-1, 0] set synch see mode.
HELIOS2009: init ok.  unum: 3 side: r
***ERROR*** RCSSParamParser. unknown parameter name or invalid value. name=[host] value=[192.168.26.106]
HELIOS2009: init ok.  unum: 2 side: r
***ERROR*** RCSSParamParser. unknown parameter name or invalid value. name=[host] value=[192.168.26.106]
HELIOS2009: init ok.  unum: 4 side: r
***ERROR*** RCSSParamParser. unknown parameter name or invalid value. name=[host] value=[192.168.26.106]
HELIOS2009 4:  KickTable created.
HELIOS2009 4: [-1, 0] set synch see mode.
HELIOS2009 2:  KickTable created.
HELIOS2009 2: [-1, 0] set synch see mode.
HELIOS2009 3:  KickTable created.
HELIOS2009 3: [-1, 0] set synch see mode.
HELIOS2009: init ok.  unum: 5 side: r
***ERROR*** RCSSParamParser. unknown parameter name or invalid value. name=[host] value=[192.168.26.106]
HELIOS2009: init ok.  unum: 6 side: r
***ERROR*** RCSSParamParser. unknown parameter name or invalid value. name=[host] value=[192.168.26.106]
HELIOS2009 5:  KickTable created.
HELIOS2009 5: [-1, 0] set synch see mode.
HELIOS2009 6:  KickTable created.
HELIOS2009 6: [-1, 0] set synch see mode.
HELIOS2009: init ok.  unum: 8 side: r
***ERROR*** RCSSParamParser. unknown parameter name or invalid value. name=[host] value=[192.168.26.106]
HELIOS2009: init ok.  unum: 7 side: r
***ERROR*** RCSSParamParser. unknown parameter name or invalid value. name=[host] value=[192.168.26.106]
HELIOS2009: init ok.  unum: 9 side: r
***ERROR*** RCSSParamParser. unknown parameter name or invalid value. name=[host] value=[192.168.26.106]
HELIOS2009: init ok.  unum: 10 side: r
***ERROR*** RCSSParamParser. unknown parameter name or invalid value. name=[host] value=[192.168.26.106]
HELIOS2009 8:  KickTable created.
HELIOS2009 8: [-1, 0] set synch see mode.
HELIOS2009 7:  KickTable created.
HELIOS2009 7: [-1, 0] set synch see mode.
HELIOS2009: init ok.  unum: 11 side: r
***ERROR*** RCSSParamParser. unknown parameter name or invalid value. name=[host] value=[192.168.26.106]
HELIOS2009 9:  KickTable created.
HELIOS2009 9: [-1, 0] set synch see mode.
HELIOS2009 11:  KickTable created.
HELIOS2009 11: [0, 1] set synch see mode.
HELIOS2009 10:  KickTable created.
HELIOS2009 10: [-1, 0] set synch see mode.
***ERROR*** RCSSParamParser. unknown parameter name or invalid value. name=[host] value=[192.168.26.106]
id speed step inc  power  stam  karea
 0 1.000   6  45.0 100.0  55.0  1.085
 1 0.948   5  41.8 100.0  58.2  0.994
 2 0.779   4  45.1 100.0  54.9  1.028
 3 0.914   5  41.3 100.0  58.7  1.078
 4 0.809   4  46.1 100.0  53.9  1.181
 5 0.835   4  43.2 100.0  56.8  1.168
 6 0.830   5  45.2 100.0  54.8  1.047
 7 0.800   4  42.8 100.0  57.2  1.151
 8 1.011   5  41.0 100.0  59.0  1.127
 9 0.769   5  48.6 100.0  51.4  1.185
 10 0.975   6  41.5 100.0  58.5  1.086
 11 0.949   7  47.7 100.0  52.3  1.114
 12 0.767   5  47.4 100.0  52.6  1.166
 13 0.890   5  43.4 100.0  56.6  1.135
 14 0.866   5  42.7 100.0  57.3  1.118
 15 0.964   6  44.1 100.0  55.9  1.009
 16 0.765   6  51.5 100.0  48.5  1.165
 17 1.048   6  44.5 100.0  55.5  1.014
HELIOS2009 2: [144, 0]  WARNING. no turn_neck.
HELIOS2009 3: [224, 0]  WARNING. no turn_neck.
HELIOS2009 2: [585, 0]  WARNING. no turn_neck.
HELIOS2009 2: [952, 0]  WARNING. no turn_neck.
HELIOS2009 5: [966, 0] over dash power range: -381.883
HELIOS2009 3: [1598, 0]  WARNING. no turn_neck.
HELIOS2009 2: [2005, 0]  WARNING. no turn_neck.
HELIOS2009 3: [2741, 0]  WARNING. no turn_neck.
coach: [3000, 0] add new freeform allowed
coach: [3000, 0] add new freeform allowed
coach: [3000, 0] add new freeform allowed
HELIOS2009 3: [3151, 0]  WARNING. no turn_neck.
HELIOS2009 2: [3437, 0]  WARNING. no turn_neck.
HELIOS2009 3: [4821, 0]  WARNING. no turn_neck.
voronoi_diagram.cpp:285:Unexpected reach.
voronoi_diagram.cpp:285:Unexpected reach.
HELIOS2009 3: [5600, 0]  WARNING. no turn_neck.
host@127.0.0.1
host@192.168.26.104
HELIOS2009: Savior mode on
HELIOS2009: init ok.  unum: 1 side: r
***ERROR*** RCSSParamParser. unknown parameter name or invalid value. name=[host] value=[192.168.26.104]
HELIOS2009 1:  KickTable created.
HELIOS2009 1: [-1, 0] set synch see mode.
HELIOS2009: init ok.  unum: 3 side: r
***ERROR*** RCSSParamParser. unknown parameter name or invalid value. name=[host] value=[192.168.26.104]
HELIOS2009: init ok.  unum: 2 side: r
***ERROR*** RCSSParamParser. unknown parameter name or invalid value. name=[host] value=[192.168.26.104]
HELIOS2009: init ok.  unum: 6 side: r
***ERROR*** RCSSParamParser. unknown parameter name or invalid value. name=[host] value=[192.168.26.104]
HELIOS2009: init ok.  unum: 11 side: r
***ERROR*** RCSSParamParser. unknown parameter name or invalid value. name=[host] value=[192.168.26.104]
HELIOS2009: init ok.  unum: 10 side: r
***ERROR*** RCSSParamParser. unknown parameter name or invalid value. name=[host] value=[192.168.26.104]
HELIOS2009 2:  KickTable created.
HELIOS2009 2: [-1, 0] set synch see mode.
HELIOS2009: init ok.  unum: 8 side: r
***ERROR*** RCSSParamParser. unknown parameter name or invalid value. name=[host] value=[192.168.26.104]
HELIOS2009 3:  KickTable created.
HELIOS2009 3: [-1, 0] set synch see mode.
HELIOS2009: init ok.  unum: 4 side: r
***ERROR*** RCSSParamParser. unknown parameter name or invalid value. name=[host] value=[192.168.26.104]
HELIOS2009: init ok.  unum: 9 side: r
***ERROR*** RCSSParamParser. unknown parameter name or invalid value. name=[host] value=[192.168.26.104]
HELIOS2009 8:  KickTable created.
HELIOS2009 8: [-1, 0] set synch see mode.
HELIOS2009: init ok.  unum: 5 side: r
***ERROR*** RCSSParamParser. unknown parameter name or invalid value. name=[host] value=[192.168.26.104]
HELIOS2009 9:  KickTable created.
HELIOS2009 9: [-1, 0] set synch see mode.
HELIOS2009 6:  KickTable created.
HELIOS2009 6: [-1, 0] set synch see mode.
HELIOS2009: init ok.  unum: 7 side: r
***ERROR*** RCSSParamParser. unknown parameter name or invalid value. name=[host] value=[192.168.26.104]
HELIOS2009 11:  KickTable created.
HELIOS2009 11: [-1, 0] set synch see mode.
***ERROR*** RCSSParamParser. unknown parameter name or invalid value. name=[host] value=[192.168.26.104]
HELIOS2009 10:  KickTable created.
HELIOS2009 10: [-1, 0] set synch see mode.
HELIOS2009 5:  KickTable created.
HELIOS2009 5: [-1, 0] set synch see mode.
HELIOS2009 4:  KickTable created.
HELIOS2009 4: [-1, 0] set synch see mode.
HELIOS2009 7:  KickTable created.
HELIOS2009 7: [-1, 0] set synch see mode.
host@127.0.0.1
host@192.168.26.105
id speed step inc  power  stam  karea
 0 1.000   6  45.0 100.0  55.0  1.085
 1 0.948   5  42.8 100.0  57.2  1.181
 2 0.986   6  47.0 100.0  53.0  1.171
 3 0.913   6  49.6 100.0  50.4  1.008
 4 0.998   5  41.6 100.0  58.4  1.072
 5 1.045   6  41.2 100.0  58.8  1.109
 6 1.007   7  47.5 100.0  52.5  1.038
 7 0.910   6  44.8 100.0  55.2  1.152
 8 0.841   6  48.6 100.0  51.4  1.029
 9 0.926   5  41.4 100.0  58.6  1.085
 10 0.763   5  47.0 100.0  53.0  1.128
 11 0.791   5  43.0 100.0  57.0  1.136
 12 0.927   7  49.6 100.0  50.4  1.070
 13 0.824   6  47.5 100.0  52.5  1.012
 14 0.931   5  41.8 100.0  58.2  1.025
 15 0.847   6  51.4 100.0  48.6  1.098
 16 0.853   5  46.4 100.0  53.6  1.125
 17 1.028   7  46.3 100.0  53.7  1.046
HELIOS2009: Savior mode on
HELIOS2009: init ok.  unum: 1 side: r
***ERROR*** RCSSParamParser. unknown parameter name or invalid value. name=[host] value=[192.168.26.105]
HELIOS2009 1:  KickTable created.
HELIOS2009 1: [-1, 0] set synch see mode.
HELIOS2009: init ok.  unum: 2 side: r
***ERROR*** RCSSParamParser. unknown parameter name or invalid value. name=[host] value=[192.168.26.105]
HELIOS2009: init ok.  unum: 3 side: r
***ERROR*** RCSSParamParser. unknown parameter name or invalid value. name=[host] value=[192.168.26.105]
HELIOS2009: init ok.  unum: 4 side: r
***ERROR*** RCSSParamParser. unknown parameter name or invalid value. name=[host] value=[192.168.26.105]
HELIOS2009: init ok.  unum: 5 side: r
***ERROR*** RCSSParamParser. unknown parameter name or invalid value. name=[host] value=[192.168.26.105]
HELIOS2009 2:  KickTable created.
HELIOS2009 2: [-1, 0] set synch see mode.
HELIOS2009: init ok.  unum: 7 side: r
***ERROR*** RCSSParamParser. unknown parameter name or invalid value. name=[host] value=[192.168.26.105]
HELIOS2009: init ok.  unum: 8 side: r
***ERROR*** RCSSParamParser. unknown parameter name or invalid value. name=[host] value=[192.168.26.105]
HELIOS2009: init ok.  unum: 6 side: r
***ERROR*** RCSSParamParser. unknown parameter name or invalid value. name=[host] value=[192.168.26.105]
HELIOS2009 7:  KickTable created.
HELIOS2009 4:  KickTable created.
HELIOS2009 7: [-1, 0] set synch see mode.
HELIOS2009 4: [-1, 0] set synch see mode.
HELIOS2009 8:  KickTable created.
HELIOS2009 8: [-1, 0] set synch see mode.
HELIOS2009 3:  KickTable created.
HELIOS2009 3: [-1, 0] set synch see mode.
HELIOS2009 6:  KickTable created.
HELIOS2009 6: [-1, 0] set synch see mode.
HELIOS2009 5:  KickTable created.
HELIOS2009 5: [-1, 0] set synch see mode.
HELIOS2009: init ok.  unum: 9 side: r
***ERROR*** RCSSParamParser. unknown parameter name or invalid value. name=[host] value=[192.168.26.105]
HELIOS2009: init ok.  unum: 10 side: r
***ERROR*** RCSSParamParser. unknown parameter name or invalid value. name=[host] value=[192.168.26.105]
HELIOS2009 9:  KickTable created.
HELIOS2009 9: [-1, 0] set synch see mode.
HELIOS2009 10:  KickTable created.
HELIOS2009 10: [-1, 0] set synch see mode.
***ERROR*** RCSSParamParser. unknown parameter name or invalid value. name=[host] value=[192.168.26.105]
HELIOS2009: init ok.  unum: 11 side: r
***ERROR*** RCSSParamParser. unknown parameter name or invalid value. name=[host] value=[192.168.26.105]
HELIOS2009 11:  KickTable created.
HELIOS2009 11: [-1, 0] set synch see mode.
id speed step inc  power  stam  karea
 0 1.000   6  45.0 100.0  55.0  1.085
 1 0.815   6  51.6 100.0  48.4  1.126
 2 1.027   7  45.7 100.0  54.3  1.061
 3 0.937   6  42.7 100.0  57.3  1.047
 4 0.985   6  42.7 100.0  57.3  1.060
 5 0.899   7  46.9 100.0  53.1  1.120
 6 1.001   6  40.6 100.0  59.4  1.041
 7 0.959   4  40.8 100.0  59.2  1.073
 8 0.785   5  47.1 100.0  52.9  1.009
 9 1.034   6  42.9 100.0  57.1  1.046
 10 0.996   7  47.2 100.0  52.8  1.043
 11 0.803   5  49.8 100.0  50.2  1.157
 12 0.851   6  46.6 100.0  53.4  1.155
 13 0.876   5  42.3 100.0  57.7  1.096
 14 1.001   7  46.8 100.0  53.2  1.117
 15 0.869   5  44.4 100.0  55.6  1.155
 16 0.753   5  46.8 100.0  53.2  1.009
 17 0.772   6  48.8 100.0  51.2  1.057
host@127.0.0.1
host@192.168.26.106
HELIOS2009: Savior mode on
HELIOS2009: init ok.  unum: 1 side: r
***ERROR*** RCSSParamParser. unknown parameter name or invalid value. name=[host] value=[192.168.26.106]
HELIOS2009 1:  KickTable created.
HELIOS2009 1: [-1, 0] set synch see mode.
HELIOS2009: init ok.  unum: 2 side: r
***ERROR*** RCSSParamParser. unknown parameter name or invalid value. name=[host] value=[192.168.26.106]
HELIOS2009: init ok.  unum: 3 side: r
***ERROR*** RCSSParamParser. unknown parameter name or invalid value. name=[host] value=[192.168.26.106]
HELIOS2009: init ok.  unum: 5 side: r
***ERROR*** RCSSParamParser. unknown parameter name or invalid value. name=[host] value=[192.168.26.106]
HELIOS2009: init ok.  unum: 4 side: r
***ERROR*** RCSSParamParser. unknown parameter name or invalid value. name=[host] value=[192.168.26.106]
HELIOS2009 2:  KickTable created.
HELIOS2009 2: [-1, 0] set synch see mode.
HELIOS2009 3:  KickTable created.
HELIOS2009 3: [-1, 0] set synch see mode.
HELIOS2009: init ok.  unum: 6 side: r
***ERROR*** RCSSParamParser. unknown parameter name or invalid value. name=[host] value=[192.168.26.106]
HELIOS2009 5:  KickTable created.
HELIOS2009 5: [-1, 0] set synch see mode.
HELIOS2009 4:  KickTable created.
HELIOS2009 4: [-1, 0] set synch see mode.
HELIOS2009 6:  KickTable created.
HELIOS2009 6: [-1, 0] set synch see mode.
HELIOS2009: init ok.  unum: 8 side: r
***ERROR*** RCSSParamParser. unknown parameter name or invalid value. name=[host] value=[192.168.26.106]
HELIOS2009: init ok.  unum: 9 side: r
HELIOS2009: init ok.  unum: 7 side: r
***ERROR*** RCSSParamParser. unknown parameter name or invalid value. name=[host] value=[192.168.26.106]
***ERROR*** RCSSParamParser. unknown parameter name or invalid value. name=[host] value=[192.168.26.106]
HELIOS2009: init ok.  unum: 10 side: r
***ERROR*** RCSSParamParser. unknown parameter name or invalid value. name=[host] value=[192.168.26.106]
HELIOS2009 H:  KickTab8:  KickTable created.
HELIOS2009H7: [0, 1] set sync] set synch see mode.
HELIOS2009 9:  KickTable created.
HELIOS2009 9: [0, 1] set synch see mode.
HELIOS2009: init ok.  unum: 11 side: r
***ERROR*** RCSSParamParser. unknown parameter name or invalid value. name=[host] value=[192.168.26.106]
HELIOS2009 10:  KickTable created.
HELIOS2009 10: [-1, 0] set synch see mode.
***ERROR*** RCSSParamParser. unknown parameter name or invalid value. name=[host] value=[192.168.26.106]
HELIOS2009 11:  KickTable created.
HELIOS2009 11: [-1, 0] set synch see mode.
id speed step inc  power  stam  karea
 0 1.000   6  45.0 100.0  55.0  1.085
 1 0.911   5  46.5 100.0  53.5  1.155
 2 0.751   5  52.0 100.0  48.0  1.041
 3 1.019   6  40.5 100.0  59.5  1.083
 4 0.764   4  43.8 100.0  56.2  1.160
 5 0.810   4  45.1 100.0  54.9  1.152
 6 0.772   6  50.2 100.0  49.8  1.042
 7 0.779   4  41.4 100.0  58.6  1.137
 8 0.921   5  43.3 100.0  56.7  1.055
 9 0.992   6  44.4 100.0  55.6  1.081
 10 0.847   5  46.3 100.0  53.7  1.177
 11 1.000   5  40.3 100.0  59.7  1.013
 12 0.924   6  45.7 100.0  54.3  1.128
 13 1.036   5  40.2 100.0  59.8  1.056
 14 0.765   5  51.0 100.0  49.0  1.164
 15 0.955   6  47.9 100.0  52.1  1.120
 16 0.775   4  48.4 100.0  51.6  1.024
 17 0.947   6  43.4 100.0  56.6  1.150
HELIOS2009 2: [907, 0]  WARNING. no turn_neck.
HELIOS2009 2: [956, 0] Body_KickOneStep unexpected reach.
HELIOS2009 2: [1406, 0]  WARNING. no turn_neck.
HELIOS2009 3: [1788, 0]  WARNING. no turn_neck.
HELIOS2009 3: [2243, 0]  WARNING. no turn_neck.
HELIOS2009 2: [2249, 0]  WARNING. no turn_neck.
coach: [3000, 0] add new freeform allowed
coach: [3000, 0] add new freeform allowed
coach: [3000, 0] add new freeform allowed
HELIOS2009 3: [4779, 0]  WARNING. no turn_neck.
HELIOS2009 3: [5219, 0]  WARNING. no turn_neck.
